<?xml version="1.0" encoding="ISO-8859-1" ?>
<link_info>
   <banner>TI ARM Linker PC v20.2.1.LTS</banner>
   <copyright>Copyright (c) 1996-2018 Texas Instruments Incorporated</copyright>
   <link_time>0x5fc756a5</link_time>
   <link_errors>0x0</link_errors>
   <output_file>PRAC.out</output_file>
   <entry_point>
      <name>_c_int00_noargs</name>
      <address>0xc5c9</address>
   </entry_point>
   <input_file_list>
      <input_file id="fl-2">
         <path>.\</path>
         <kind>object</kind>
         <file>main.obj</file>
         <name>main.obj</name>
      </input_file>
      <input_file id="fl-3">
         <path>.\</path>
         <kind>object</kind>
         <file>msp432_startup_ccs.obj</file>
         <name>msp432_startup_ccs.obj</name>
      </input_file>
      <input_file id="fl-4">
         <path>.\</path>
         <kind>object</kind>
         <file>system_msp432p401r.obj</file>
         <name>system_msp432p401r.obj</name>
      </input_file>
      <input_file id="fl-5">
         <path>.\lib_PRAC\freertos\cortex-m4\</path>
         <kind>object</kind>
         <file>port.obj</file>
         <name>port.obj</name>
      </input_file>
      <input_file id="fl-6">
         <path>.\lib_PRAC\freertos\cortex-m4\</path>
         <kind>object</kind>
         <file>portasm.obj</file>
         <name>portasm.obj</name>
      </input_file>
      <input_file id="fl-7">
         <path>.\lib_PRAC\freertos\src\</path>
         <kind>object</kind>
         <file>croutine.obj</file>
         <name>croutine.obj</name>
      </input_file>
      <input_file id="fl-8">
         <path>.\lib_PRAC\freertos\src\</path>
         <kind>object</kind>
         <file>event_groups.obj</file>
         <name>event_groups.obj</name>
      </input_file>
      <input_file id="fl-9">
         <path>.\lib_PRAC\freertos\src\</path>
         <kind>object</kind>
         <file>heap_1.obj</file>
         <name>heap_1.obj</name>
      </input_file>
      <input_file id="fl-a">
         <path>.\lib_PRAC\freertos\src\</path>
         <kind>object</kind>
         <file>list.obj</file>
         <name>list.obj</name>
      </input_file>
      <input_file id="fl-b">
         <path>.\lib_PRAC\freertos\src\</path>
         <kind>object</kind>
         <file>queue.obj</file>
         <name>queue.obj</name>
      </input_file>
      <input_file id="fl-c">
         <path>.\lib_PRAC\freertos\src\</path>
         <kind>object</kind>
         <file>tasks.obj</file>
         <name>tasks.obj</name>
      </input_file>
      <input_file id="fl-d">
         <path>.\lib_PRAC\freertos\src\</path>
         <kind>object</kind>
         <file>timers.obj</file>
         <name>timers.obj</name>
      </input_file>
      <input_file id="fl-e">
         <path>.\lib_PRAC\graphics\</path>
         <kind>object</kind>
         <file>button.obj</file>
         <name>button.obj</name>
      </input_file>
      <input_file id="fl-f">
         <path>.\lib_PRAC\graphics\</path>
         <kind>object</kind>
         <file>checkbox.obj</file>
         <name>checkbox.obj</name>
      </input_file>
      <input_file id="fl-10">
         <path>.\lib_PRAC\graphics\</path>
         <kind>object</kind>
         <file>circle.obj</file>
         <name>circle.obj</name>
      </input_file>
      <input_file id="fl-11">
         <path>.\lib_PRAC\graphics\</path>
         <kind>object</kind>
         <file>context.obj</file>
         <name>context.obj</name>
      </input_file>
      <input_file id="fl-12">
         <path>.\lib_PRAC\graphics\</path>
         <kind>object</kind>
         <file>display.obj</file>
         <name>display.obj</name>
      </input_file>
      <input_file id="fl-13">
         <path>.\lib_PRAC\graphics\</path>
         <kind>object</kind>
         <file>fontfixed6x8.obj</file>
         <name>fontfixed6x8.obj</name>
      </input_file>
      <input_file id="fl-14">
         <path>.\lib_PRAC\graphics\</path>
         <kind>object</kind>
         <file>image.obj</file>
         <name>image.obj</name>
      </input_file>
      <input_file id="fl-15">
         <path>.\lib_PRAC\graphics\</path>
         <kind>object</kind>
         <file>imageButton.obj</file>
         <name>imageButton.obj</name>
      </input_file>
      <input_file id="fl-16">
         <path>.\lib_PRAC\graphics\</path>
         <kind>object</kind>
         <file>line.obj</file>
         <name>line.obj</name>
      </input_file>
      <input_file id="fl-17">
         <path>.\lib_PRAC\graphics\</path>
         <kind>object</kind>
         <file>radioButton.obj</file>
         <name>radioButton.obj</name>
      </input_file>
      <input_file id="fl-18">
         <path>.\lib_PRAC\graphics\</path>
         <kind>object</kind>
         <file>rectangle.obj</file>
         <name>rectangle.obj</name>
      </input_file>
      <input_file id="fl-19">
         <path>.\lib_PRAC\graphics\</path>
         <kind>object</kind>
         <file>string.obj</file>
         <name>string.obj</name>
      </input_file>
      <input_file id="fl-1a">
         <path>.\lib_PRAC\msp432\</path>
         <kind>object</kind>
         <file>adc14.obj</file>
         <name>adc14.obj</name>
      </input_file>
      <input_file id="fl-1b">
         <path>.\lib_PRAC\msp432\</path>
         <kind>object</kind>
         <file>aes256.obj</file>
         <name>aes256.obj</name>
      </input_file>
      <input_file id="fl-1c">
         <path>.\lib_PRAC\msp432\</path>
         <kind>object</kind>
         <file>comp_e.obj</file>
         <name>comp_e.obj</name>
      </input_file>
      <input_file id="fl-1d">
         <path>.\lib_PRAC\msp432\</path>
         <kind>object</kind>
         <file>cpu.obj</file>
         <name>cpu.obj</name>
      </input_file>
      <input_file id="fl-1e">
         <path>.\lib_PRAC\msp432\</path>
         <kind>object</kind>
         <file>crc32.obj</file>
         <name>crc32.obj</name>
      </input_file>
      <input_file id="fl-1f">
         <path>.\lib_PRAC\msp432\</path>
         <kind>object</kind>
         <file>cs.obj</file>
         <name>cs.obj</name>
      </input_file>
      <input_file id="fl-20">
         <path>.\lib_PRAC\msp432\</path>
         <kind>object</kind>
         <file>dma.obj</file>
         <name>dma.obj</name>
      </input_file>
      <input_file id="fl-21">
         <path>.\lib_PRAC\msp432\</path>
         <kind>object</kind>
         <file>flash.obj</file>
         <name>flash.obj</name>
      </input_file>
      <input_file id="fl-22">
         <path>.\lib_PRAC\msp432\</path>
         <kind>object</kind>
         <file>fpu.obj</file>
         <name>fpu.obj</name>
      </input_file>
      <input_file id="fl-23">
         <path>.\lib_PRAC\msp432\</path>
         <kind>object</kind>
         <file>gpio.obj</file>
         <name>gpio.obj</name>
      </input_file>
      <input_file id="fl-24">
         <path>.\lib_PRAC\msp432\</path>
         <kind>object</kind>
         <file>i2c.obj</file>
         <name>i2c.obj</name>
      </input_file>
      <input_file id="fl-25">
         <path>.\lib_PRAC\msp432\</path>
         <kind>object</kind>
         <file>interrupt.obj</file>
         <name>interrupt.obj</name>
      </input_file>
      <input_file id="fl-26">
         <path>.\lib_PRAC\msp432\</path>
         <kind>object</kind>
         <file>mpu.obj</file>
         <name>mpu.obj</name>
      </input_file>
      <input_file id="fl-27">
         <path>.\lib_PRAC\msp432\</path>
         <kind>object</kind>
         <file>pcm.obj</file>
         <name>pcm.obj</name>
      </input_file>
      <input_file id="fl-28">
         <path>.\lib_PRAC\msp432\</path>
         <kind>object</kind>
         <file>pmap.obj</file>
         <name>pmap.obj</name>
      </input_file>
      <input_file id="fl-29">
         <path>.\lib_PRAC\msp432\</path>
         <kind>object</kind>
         <file>pss.obj</file>
         <name>pss.obj</name>
      </input_file>
      <input_file id="fl-2a">
         <path>.\lib_PRAC\msp432\</path>
         <kind>object</kind>
         <file>ref_a.obj</file>
         <name>ref_a.obj</name>
      </input_file>
      <input_file id="fl-2b">
         <path>.\lib_PRAC\msp432\</path>
         <kind>object</kind>
         <file>reset.obj</file>
         <name>reset.obj</name>
      </input_file>
      <input_file id="fl-2c">
         <path>.\lib_PRAC\msp432\</path>
         <kind>object</kind>
         <file>rtc_c.obj</file>
         <name>rtc_c.obj</name>
      </input_file>
      <input_file id="fl-2d">
         <path>.\lib_PRAC\msp432\</path>
         <kind>object</kind>
         <file>spi.obj</file>
         <name>spi.obj</name>
      </input_file>
      <input_file id="fl-2e">
         <path>.\lib_PRAC\msp432\</path>
         <kind>object</kind>
         <file>sysctl.obj</file>
         <name>sysctl.obj</name>
      </input_file>
      <input_file id="fl-2f">
         <path>.\lib_PRAC\msp432\</path>
         <kind>object</kind>
         <file>systick.obj</file>
         <name>systick.obj</name>
      </input_file>
      <input_file id="fl-30">
         <path>.\lib_PRAC\msp432\</path>
         <kind>object</kind>
         <file>timer32.obj</file>
         <name>timer32.obj</name>
      </input_file>
      <input_file id="fl-31">
         <path>.\lib_PRAC\msp432\</path>
         <kind>object</kind>
         <file>timer_a.obj</file>
         <name>timer_a.obj</name>
      </input_file>
      <input_file id="fl-32">
         <path>.\lib_PRAC\msp432\</path>
         <kind>object</kind>
         <file>uart.obj</file>
         <name>uart.obj</name>
      </input_file>
      <input_file id="fl-33">
         <path>.\lib_PRAC\msp432\</path>
         <kind>object</kind>
         <file>wdt_a.obj</file>
         <name>wdt_a.obj</name>
      </input_file>
      <input_file id="fl-34">
         <path>.\lib_PRAC\screen\</path>
         <kind>object</kind>
         <file>st7735.obj</file>
         <name>st7735.obj</name>
      </input_file>
      <input_file id="fl-35">
         <path>.\lib_PRAC\screen\</path>
         <kind>object</kind>
         <file>st7735_msp432.obj</file>
         <name>st7735_msp432.obj</name>
      </input_file>
      <input_file id="fl-36">
         <path>.\lib_PRAC\uoc\</path>
         <kind>object</kind>
         <file>circ_buffer.obj</file>
         <name>circ_buffer.obj</name>
      </input_file>
      <input_file id="fl-37">
         <path>.\lib_PRAC\uoc\</path>
         <kind>object</kind>
         <file>edu_boosterpack_accelerometer.obj</file>
         <name>edu_boosterpack_accelerometer.obj</name>
      </input_file>
      <input_file id="fl-38">
         <path>.\lib_PRAC\uoc\</path>
         <kind>object</kind>
         <file>edu_boosterpack_buttons.obj</file>
         <name>edu_boosterpack_buttons.obj</name>
      </input_file>
      <input_file id="fl-39">
         <path>.\lib_PRAC\uoc\</path>
         <kind>object</kind>
         <file>edu_boosterpack_joystick.obj</file>
         <name>edu_boosterpack_joystick.obj</name>
      </input_file>
      <input_file id="fl-3a">
         <path>.\lib_PRAC\uoc\</path>
         <kind>object</kind>
         <file>edu_boosterpack_rgb.obj</file>
         <name>edu_boosterpack_rgb.obj</name>
      </input_file>
      <input_file id="fl-3b">
         <path>.\lib_PRAC\uoc\</path>
         <kind>object</kind>
         <file>helper.obj</file>
         <name>helper.obj</name>
      </input_file>
      <input_file id="fl-3c">
         <path>.\lib_PRAC\uoc\</path>
         <kind>object</kind>
         <file>interrupts.obj</file>
         <name>interrupts.obj</name>
      </input_file>
      <input_file id="fl-3d">
         <path>.\lib_PRAC\uoc\</path>
         <kind>object</kind>
         <file>msp432_launchpad_board.obj</file>
         <name>msp432_launchpad_board.obj</name>
      </input_file>
      <input_file id="fl-3e">
         <path>.\lib_PRAC\uoc\</path>
         <kind>object</kind>
         <file>msp432_launchpad_temperature.obj</file>
         <name>msp432_launchpad_temperature.obj</name>
      </input_file>
      <input_file id="fl-3f">
         <path>.\lib_PRAC\uoc\</path>
         <kind>object</kind>
         <file>timer_driver.obj</file>
         <name>timer_driver.obj</name>
      </input_file>
      <input_file id="fl-40">
         <path>.\lib_PRAC\uoc\</path>
         <kind>object</kind>
         <file>uart_driver.obj</file>
         <name>uart_driver.obj</name>
      </input_file>
      <input_file id="fl-44">
         <kind>object</kind>
         <file>&lt;internal&gt;</file>
         <name>&lt;internal&gt;</name>
      </input_file>
      <input_file id="fl-fa">
         <path>F:\ccs\ccs\tools\compiler\ti-cgt-arm_20.2.1.LTS\lib\</path>
         <kind>archive</kind>
         <file>rtsv7M4_T_le_v4SPD16_eabi.lib</file>
         <name>e_pow.c.obj</name>
      </input_file>
      <input_file id="fl-fb">
         <path>F:\ccs\ccs\tools\compiler\ti-cgt-arm_20.2.1.LTS\lib\</path>
         <kind>archive</kind>
         <file>rtsv7M4_T_le_v4SPD16_eabi.lib</file>
         <name>e_sqrt.c.obj</name>
      </input_file>
      <input_file id="fl-fc">
         <path>F:\ccs\ccs\tools\compiler\ti-cgt-arm_20.2.1.LTS\lib\</path>
         <kind>archive</kind>
         <file>rtsv7M4_T_le_v4SPD16_eabi.lib</file>
         <name>s_scalbn.c.obj</name>
      </input_file>
      <input_file id="fl-fd">
         <path>F:\ccs\ccs\tools\compiler\ti-cgt-arm_20.2.1.LTS\lib\</path>
         <kind>archive</kind>
         <file>rtsv7M4_T_le_v4SPD16_eabi.lib</file>
         <name>sprintf.c.obj</name>
      </input_file>
      <input_file id="fl-fe">
         <path>F:\ccs\ccs\tools\compiler\ti-cgt-arm_20.2.1.LTS\lib\</path>
         <kind>archive</kind>
         <file>rtsv7M4_T_le_v4SPD16_eabi.lib</file>
         <name>memset_t2.asm.obj</name>
      </input_file>
      <input_file id="fl-ff">
         <path>F:\ccs\ccs\tools\compiler\ti-cgt-arm_20.2.1.LTS\lib\</path>
         <kind>archive</kind>
         <file>rtsv7M4_T_le_v4SPD16_eabi.lib</file>
         <name>fd_add_t2.asm.obj</name>
      </input_file>
      <input_file id="fl-100">
         <path>F:\ccs\ccs\tools\compiler\ti-cgt-arm_20.2.1.LTS\lib\</path>
         <kind>archive</kind>
         <file>rtsv7M4_T_le_v4SPD16_eabi.lib</file>
         <name>fd_cmp_t2.asm.obj</name>
      </input_file>
      <input_file id="fl-101">
         <path>F:\ccs\ccs\tools\compiler\ti-cgt-arm_20.2.1.LTS\lib\</path>
         <kind>archive</kind>
         <file>rtsv7M4_T_le_v4SPD16_eabi.lib</file>
         <name>fd_div_t2.asm.obj</name>
      </input_file>
      <input_file id="fl-102">
         <path>F:\ccs\ccs\tools\compiler\ti-cgt-arm_20.2.1.LTS\lib\</path>
         <kind>archive</kind>
         <file>rtsv7M4_T_le_v4SPD16_eabi.lib</file>
         <name>fd_mul_t2.asm.obj</name>
      </input_file>
      <input_file id="fl-103">
         <path>F:\ccs\ccs\tools\compiler\ti-cgt-arm_20.2.1.LTS\lib\</path>
         <kind>archive</kind>
         <file>rtsv7M4_T_le_v4SPD16_eabi.lib</file>
         <name>fd_tos_t2.asm.obj</name>
      </input_file>
      <input_file id="fl-104">
         <path>F:\ccs\ccs\tools\compiler\ti-cgt-arm_20.2.1.LTS\lib\</path>
         <kind>archive</kind>
         <file>rtsv7M4_T_le_v4SPD16_eabi.lib</file>
         <name>fd_tou_t2.asm.obj</name>
      </input_file>
      <input_file id="fl-105">
         <path>F:\ccs\ccs\tools\compiler\ti-cgt-arm_20.2.1.LTS\lib\</path>
         <kind>archive</kind>
         <file>rtsv7M4_T_le_v4SPD16_eabi.lib</file>
         <name>fs_tod_t2.asm.obj</name>
      </input_file>
      <input_file id="fl-106">
         <path>F:\ccs\ccs\tools\compiler\ti-cgt-arm_20.2.1.LTS\lib\</path>
         <kind>archive</kind>
         <file>rtsv7M4_T_le_v4SPD16_eabi.lib</file>
         <name>i_tofd_t2.asm.obj</name>
      </input_file>
      <input_file id="fl-107">
         <path>F:\ccs\ccs\tools\compiler\ti-cgt-arm_20.2.1.LTS\lib\</path>
         <kind>archive</kind>
         <file>rtsv7M4_T_le_v4SPD16_eabi.lib</file>
         <name>memcpy_t2.asm.obj</name>
      </input_file>
      <input_file id="fl-108">
         <path>F:\ccs\ccs\tools\compiler\ti-cgt-arm_20.2.1.LTS\lib\</path>
         <kind>archive</kind>
         <file>rtsv7M4_T_le_v4SPD16_eabi.lib</file>
         <name>u_tofd_t2.asm.obj</name>
      </input_file>
      <input_file id="fl-109">
         <path>F:\ccs\ccs\tools\compiler\ti-cgt-arm_20.2.1.LTS\lib\</path>
         <kind>archive</kind>
         <file>rtsv7M4_T_le_v4SPD16_eabi.lib</file>
         <name>copy_zero_init.c.obj</name>
      </input_file>
      <input_file id="fl-10a">
         <path>F:\ccs\ccs\tools\compiler\ti-cgt-arm_20.2.1.LTS\lib\</path>
         <kind>archive</kind>
         <file>rtsv7M4_T_le_v4SPD16_eabi.lib</file>
         <name>copy_decompress_none.c.obj</name>
      </input_file>
      <input_file id="fl-10b">
         <path>F:\ccs\ccs\tools\compiler\ti-cgt-arm_20.2.1.LTS\lib\</path>
         <kind>archive</kind>
         <file>rtsv7M4_T_le_v4SPD16_eabi.lib</file>
         <name>copy_decompress_lzss.c.obj</name>
      </input_file>
      <input_file id="fl-10c">
         <path>F:\ccs\ccs\tools\compiler\ti-cgt-arm_20.2.1.LTS\lib\</path>
         <kind>archive</kind>
         <file>rtsv7M4_T_le_v4SPD16_eabi.lib</file>
         <name>rand.c.obj</name>
      </input_file>
      <input_file id="fl-10d">
         <path>F:\ccs\ccs\tools\compiler\ti-cgt-arm_20.2.1.LTS\lib\</path>
         <kind>archive</kind>
         <file>rtsv7M4_T_le_v4SPD16_eabi.lib</file>
         <name>strncpy.c.obj</name>
      </input_file>
      <input_file id="fl-10e">
         <path>F:\ccs\ccs\tools\compiler\ti-cgt-arm_20.2.1.LTS\lib\</path>
         <kind>archive</kind>
         <file>rtsv7M4_T_le_v4SPD16_eabi.lib</file>
         <name>errno.c.obj</name>
      </input_file>
      <input_file id="fl-10f">
         <path>F:\ccs\ccs\tools\compiler\ti-cgt-arm_20.2.1.LTS\lib\</path>
         <kind>archive</kind>
         <file>rtsv7M4_T_le_v4SPD16_eabi.lib</file>
         <name>boot_cortex_m.c.obj</name>
      </input_file>
      <input_file id="fl-110">
         <path>F:\ccs\ccs\tools\compiler\ti-cgt-arm_20.2.1.LTS\lib\</path>
         <kind>archive</kind>
         <file>rtsv7M4_T_le_v4SPD16_eabi.lib</file>
         <name>s_copysign.c.obj</name>
      </input_file>
      <input_file id="fl-111">
         <path>F:\ccs\ccs\tools\compiler\ti-cgt-arm_20.2.1.LTS\lib\</path>
         <kind>archive</kind>
         <file>rtsv7M4_T_le_v4SPD16_eabi.lib</file>
         <name>_printfi.c.obj</name>
      </input_file>
      <input_file id="fl-112">
         <path>F:\ccs\ccs\tools\compiler\ti-cgt-arm_20.2.1.LTS\lib\</path>
         <kind>archive</kind>
         <file>rtsv7M4_T_le_v4SPD16_eabi.lib</file>
         <name>fd_toi_t2.asm.obj</name>
      </input_file>
      <input_file id="fl-113">
         <path>F:\ccs\ccs\tools\compiler\ti-cgt-arm_20.2.1.LTS\lib\</path>
         <kind>archive</kind>
         <file>rtsv7M4_T_le_v4SPD16_eabi.lib</file>
         <name>ull_div_t2.asm.obj</name>
      </input_file>
      <input_file id="fl-114">
         <path>F:\ccs\ccs\tools\compiler\ti-cgt-arm_20.2.1.LTS\lib\</path>
         <kind>archive</kind>
         <file>rtsv7M4_T_le_v4SPD16_eabi.lib</file>
         <name>autoinit.c.obj</name>
      </input_file>
      <input_file id="fl-115">
         <path>F:\ccs\ccs\tools\compiler\ti-cgt-arm_20.2.1.LTS\lib\</path>
         <kind>archive</kind>
         <file>rtsv7M4_T_le_v4SPD16_eabi.lib</file>
         <name>pre_init.c.obj</name>
      </input_file>
      <input_file id="fl-116">
         <path>F:\ccs\ccs\tools\compiler\ti-cgt-arm_20.2.1.LTS\lib\</path>
         <kind>archive</kind>
         <file>rtsv7M4_T_le_v4SPD16_eabi.lib</file>
         <name>cpy_tbl.c.obj</name>
      </input_file>
      <input_file id="fl-117">
         <path>F:\ccs\ccs\tools\compiler\ti-cgt-arm_20.2.1.LTS\lib\</path>
         <kind>archive</kind>
         <file>rtsv7M4_T_le_v4SPD16_eabi.lib</file>
         <name>exit.c.obj</name>
      </input_file>
      <input_file id="fl-118">
         <path>F:\ccs\ccs\tools\compiler\ti-cgt-arm_20.2.1.LTS\lib\</path>
         <kind>archive</kind>
         <file>rtsv7M4_T_le_v4SPD16_eabi.lib</file>
         <name>_lock.c.obj</name>
      </input_file>
      <input_file id="fl-119">
         <path>F:\ccs\ccs\tools\compiler\ti-cgt-arm_20.2.1.LTS\lib\</path>
         <kind>archive</kind>
         <file>rtsv7M4_T_le_v4SPD16_eabi.lib</file>
         <name>_ltoa.c.obj</name>
      </input_file>
      <input_file id="fl-11a">
         <path>F:\ccs\ccs\tools\compiler\ti-cgt-arm_20.2.1.LTS\lib\</path>
         <kind>archive</kind>
         <file>rtsv7M4_T_le_v4SPD16_eabi.lib</file>
         <name>args_main.c.obj</name>
      </input_file>
      <input_file id="fl-11b">
         <path>F:\ccs\ccs\tools\compiler\ti-cgt-arm_20.2.1.LTS\lib\</path>
         <kind>archive</kind>
         <file>rtsv7M4_T_le_v4SPD16_eabi.lib</file>
         <name>atoi.c.obj</name>
      </input_file>
      <input_file id="fl-11c">
         <path>F:\ccs\ccs\tools\compiler\ti-cgt-arm_20.2.1.LTS\lib\</path>
         <kind>archive</kind>
         <file>rtsv7M4_T_le_v4SPD16_eabi.lib</file>
         <name>ctype.c.obj</name>
      </input_file>
      <input_file id="fl-11d">
         <path>F:\ccs\ccs\tools\compiler\ti-cgt-arm_20.2.1.LTS\lib\</path>
         <kind>archive</kind>
         <file>rtsv7M4_T_le_v4SPD16_eabi.lib</file>
         <name>memccpy.c.obj</name>
      </input_file>
      <input_file id="fl-11e">
         <path>F:\ccs\ccs\tools\compiler\ti-cgt-arm_20.2.1.LTS\lib\</path>
         <kind>archive</kind>
         <file>rtsv7M4_T_le_v4SPD16_eabi.lib</file>
         <name>strchr.c.obj</name>
      </input_file>
      <input_file id="fl-11f">
         <path>F:\ccs\ccs\tools\compiler\ti-cgt-arm_20.2.1.LTS\lib\</path>
         <kind>archive</kind>
         <file>rtsv7M4_T_le_v4SPD16_eabi.lib</file>
         <name>strlen.c.obj</name>
      </input_file>
      <input_file id="fl-120">
         <path>F:\ccs\ccs\tools\compiler\ti-cgt-arm_20.2.1.LTS\lib\</path>
         <kind>archive</kind>
         <file>rtsv7M4_T_le_v4SPD16_eabi.lib</file>
         <name>s_frexp.c.obj</name>
      </input_file>
      <input_file id="fl-121">
         <path>F:\ccs\ccs\tools\compiler\ti-cgt-arm_20.2.1.LTS\lib\</path>
         <kind>archive</kind>
         <file>rtsv7M4_T_le_v4SPD16_eabi.lib</file>
         <name>wcslen.c.obj</name>
      </input_file>
      <input_file id="fl-122">
         <path>F:\ccs\ccs\tools\compiler\ti-cgt-arm_20.2.1.LTS\lib\</path>
         <kind>archive</kind>
         <file>rtsv7M4_T_le_v4SPD16_eabi.lib</file>
         <name>div0.asm.obj</name>
      </input_file>
   </input_file_list>
   <object_component_list>
      <object_component id="oc-13">
         <name>.intvecs:retain</name>
         <load_address>0x0</load_address>
         <run_address>0x0</run_address>
         <size>0x144</size>
         <input_file_ref idref="fl-3"/>
      </object_component>
      <object_component id="oc-a4">
         <name>.text</name>
         <load_address>0x144</load_address>
         <run_address>0x144</run_address>
         <size>0x19fc</size>
         <input_file_ref idref="fl-c"/>
      </object_component>
      <object_component id="oc-124">
         <name>.text</name>
         <load_address>0x1b40</load_address>
         <run_address>0x1b40</run_address>
         <size>0x1598</size>
         <input_file_ref idref="fl-21"/>
      </object_component>
      <object_component id="oc-ab">
         <name>.text</name>
         <load_address>0x30d8</load_address>
         <run_address>0x30d8</run_address>
         <size>0xd7c</size>
         <input_file_ref idref="fl-1f"/>
      </object_component>
      <object_component id="oc-268">
         <name>.text</name>
         <load_address>0x3e54</load_address>
         <run_address>0x3e54</run_address>
         <size>0xc9e</size>
         <input_file_ref idref="fl-b"/>
      </object_component>
      <object_component id="oc-474">
         <name>.text:_nop</name>
         <load_address>0x4af2</load_address>
         <run_address>0x4af2</run_address>
         <size>0x2</size>
         <input_file_ref idref="fl-118"/>
      </object_component>
      <object_component id="oc-394">
         <name>.text:__TI_printfi</name>
         <load_address>0x4af4</load_address>
         <run_address>0x4af4</run_address>
         <size>0xa4e</size>
         <input_file_ref idref="fl-111"/>
      </object_component>
      <object_component id="oc-547">
         <name>.text</name>
         <load_address>0x5542</load_address>
         <run_address>0x5542</run_address>
         <size>0x2</size>
         <input_file_ref idref="fl-122"/>
      </object_component>
      <object_component id="oc-106">
         <name>.text</name>
         <load_address>0x5544</load_address>
         <run_address>0x5544</run_address>
         <size>0x8d4</size>
         <input_file_ref idref="fl-1a"/>
      </object_component>
      <object_component id="oc-3f6">
         <name>.text</name>
         <load_address>0x5e18</load_address>
         <run_address>0x5e18</run_address>
         <size>0x8a4</size>
         <input_file_ref idref="fl-2d"/>
      </object_component>
      <object_component id="oc-11e">
         <name>.text</name>
         <load_address>0x66bc</load_address>
         <run_address>0x66bc</run_address>
         <size>0x838</size>
         <input_file_ref idref="fl-27"/>
      </object_component>
      <object_component id="oc-16f">
         <name>.text</name>
         <load_address>0x6ef4</load_address>
         <run_address>0x6ef4</run_address>
         <size>0x6dc</size>
         <input_file_ref idref="fl-2"/>
      </object_component>
      <object_component id="oc-256">
         <name>.text</name>
         <load_address>0x75d0</load_address>
         <run_address>0x75d0</run_address>
         <size>0x678</size>
         <input_file_ref idref="fl-34"/>
      </object_component>
      <object_component id="oc-262">
         <name>.text</name>
         <load_address>0x7c48</load_address>
         <run_address>0x7c48</run_address>
         <size>0x630</size>
         <input_file_ref idref="fl-19"/>
      </object_component>
      <object_component id="oc-230">
         <name>.text</name>
         <load_address>0x8278</load_address>
         <run_address>0x8278</run_address>
         <size>0x508</size>
         <input_file_ref idref="fl-2c"/>
      </object_component>
      <object_component id="oc-388">
         <name>.text</name>
         <load_address>0x8780</load_address>
         <run_address>0x8780</run_address>
         <size>0x490</size>
         <input_file_ref idref="fl-16"/>
      </object_component>
      <object_component id="oc-c5">
         <name>.text</name>
         <load_address>0x8c10</load_address>
         <run_address>0x8c10</run_address>
         <size>0x480</size>
         <input_file_ref idref="fl-23"/>
      </object_component>
      <object_component id="oc-cb">
         <name>.text</name>
         <load_address>0x9090</load_address>
         <run_address>0x9090</run_address>
         <size>0x41c</size>
         <input_file_ref idref="fl-32"/>
      </object_component>
      <object_component id="oc-d1">
         <name>.text</name>
         <load_address>0x94ac</load_address>
         <run_address>0x94ac</run_address>
         <size>0x3f0</size>
         <input_file_ref idref="fl-25"/>
      </object_component>
      <object_component id="oc-45">
         <name>.text</name>
         <load_address>0x989c</load_address>
         <run_address>0x989c</run_address>
         <size>0x3b0</size>
         <input_file_ref idref="fl-3d"/>
      </object_component>
      <object_component id="oc-91">
         <name>.text</name>
         <load_address>0x9c4c</load_address>
         <run_address>0x9c4c</run_address>
         <size>0x328</size>
         <input_file_ref idref="fl-4"/>
      </object_component>
      <object_component id="oc-33">
         <name>.text</name>
         <load_address>0x9f74</load_address>
         <run_address>0x9f74</run_address>
         <size>0x288</size>
         <input_file_ref idref="fl-5"/>
      </object_component>
      <object_component id="oc-448">
         <name>.text:_pconv_a</name>
         <load_address>0xa1fc</load_address>
         <run_address>0xa1fc</run_address>
         <size>0x270</size>
         <input_file_ref idref="fl-111"/>
      </object_component>
      <object_component id="oc-25c">
         <name>.text</name>
         <load_address>0xa46c</load_address>
         <run_address>0xa46c</run_address>
         <size>0x266</size>
         <input_file_ref idref="fl-11"/>
      </object_component>
      <object_component id="oc-185">
         <name>.text</name>
         <load_address>0xa6d4</load_address>
         <run_address>0xa6d4</run_address>
         <size>0x244</size>
         <input_file_ref idref="fl-2e"/>
      </object_component>
      <object_component id="oc-436">
         <name>.text:_pconv_g</name>
         <load_address>0xa918</load_address>
         <run_address>0xa918</run_address>
         <size>0x1d0</size>
         <input_file_ref idref="fl-111"/>
      </object_component>
      <object_component id="oc-4db">
         <name>.text</name>
         <load_address>0xaae8</load_address>
         <run_address>0xaae8</run_address>
         <size>0x1b6</size>
         <input_file_ref idref="fl-ff"/>
      </object_component>
      <object_component id="oc-4b">
         <name>.text</name>
         <load_address>0xaca0</load_address>
         <run_address>0xaca0</run_address>
         <size>0x18c</size>
         <input_file_ref idref="fl-38"/>
      </object_component>
      <object_component id="oc-39">
         <name>.text</name>
         <load_address>0xae2c</load_address>
         <run_address>0xae2c</run_address>
         <size>0x184</size>
         <input_file_ref idref="fl-40"/>
      </object_component>
      <object_component id="oc-442">
         <name>.text:_pconv_e</name>
         <load_address>0xafb0</load_address>
         <run_address>0xafb0</run_address>
         <size>0x13c</size>
         <input_file_ref idref="fl-111"/>
      </object_component>
      <object_component id="oc-4c1">
         <name>.text</name>
         <load_address>0xb0ec</load_address>
         <run_address>0xb0ec</run_address>
         <size>0x136</size>
         <input_file_ref idref="fl-101"/>
      </object_component>
      <object_component id="oc-380">
         <name>.text</name>
         <load_address>0xb222</load_address>
         <run_address>0xb222</run_address>
         <size>0x134</size>
         <input_file_ref idref="fl-12"/>
      </object_component>
      <object_component id="oc-19d">
         <name>.text</name>
         <load_address>0xb356</load_address>
         <run_address>0xb356</run_address>
         <size>0x12a</size>
         <input_file_ref idref="fl-a"/>
      </object_component>
      <object_component id="oc-4ed">
         <name>.text:fcvt</name>
         <load_address>0xb480</load_address>
         <run_address>0xb480</run_address>
         <size>0x124</size>
         <input_file_ref idref="fl-111"/>
      </object_component>
      <object_component id="oc-501">
         <name>.text:scalbn</name>
         <load_address>0xb5a4</load_address>
         <run_address>0xb5a4</run_address>
         <size>0x110</size>
         <input_file_ref idref="fl-fc"/>
      </object_component>
      <object_component id="oc-4bc">
         <name>.text</name>
         <load_address>0xb6b4</load_address>
         <run_address>0xb6b4</run_address>
         <size>0xfc</size>
         <input_file_ref idref="fl-102"/>
      </object_component>
      <object_component id="oc-d7">
         <name>.text</name>
         <load_address>0xb7b0</load_address>
         <run_address>0xb7b0</run_address>
         <size>0xfa</size>
         <input_file_ref idref="fl-36"/>
      </object_component>
      <object_component id="oc-3f">
         <name>.text</name>
         <load_address>0xb8ac</load_address>
         <run_address>0xb8ac</run_address>
         <size>0xf8</size>
         <input_file_ref idref="fl-39"/>
      </object_component>
      <object_component id="oc-97">
         <name>.text</name>
         <load_address>0xb9a4</load_address>
         <run_address>0xb9a4</run_address>
         <size>0xd8</size>
         <input_file_ref idref="fl-33"/>
      </object_component>
      <object_component id="oc-2e">
         <name>.text</name>
         <load_address>0xba7c</load_address>
         <run_address>0xba7c</run_address>
         <size>0xd2</size>
         <input_file_ref idref="fl-6"/>
      </object_component>
      <object_component id="oc-100">
         <name>.text</name>
         <load_address>0xbb50</load_address>
         <run_address>0xbb50</run_address>
         <size>0xcc</size>
         <input_file_ref idref="fl-2a"/>
      </object_component>
      <object_component id="oc-36d">
         <name>.text</name>
         <load_address>0xbc1c</load_address>
         <run_address>0xbc1c</run_address>
         <size>0xcc</size>
         <input_file_ref idref="fl-35"/>
      </object_component>
      <object_component id="oc-118">
         <name>.text</name>
         <load_address>0xbce8</load_address>
         <run_address>0xbce8</run_address>
         <size>0xc0</size>
         <input_file_ref idref="fl-22"/>
      </object_component>
      <object_component id="oc-197">
         <name>.text</name>
         <load_address>0xbda8</load_address>
         <run_address>0xbda8</run_address>
         <size>0xb4</size>
         <input_file_ref idref="fl-9"/>
      </object_component>
      <object_component id="oc-42b">
         <name>.text:_ltostr</name>
         <load_address>0xbe5c</load_address>
         <run_address>0xbe5c</run_address>
         <size>0xb1</size>
         <input_file_ref idref="fl-111"/>
      </object_component>
      <object_component id="oc-5f">
         <name>.text</name>
         <load_address>0xbf0e</load_address>
         <run_address>0xbf0e</run_address>
         <size>0x9c</size>
         <input_file_ref idref="fl-107"/>
      </object_component>
      <object_component id="oc-4b5">
         <name>.text</name>
         <load_address>0xbfaa</load_address>
         <run_address>0xbfaa</run_address>
         <size>0x96</size>
         <input_file_ref idref="fl-113"/>
      </object_component>
      <object_component id="oc-431">
         <name>.text:__aeabi_cdcmple</name>
         <load_address>0xc040</load_address>
         <run_address>0xc040</run_address>
         <size>0x86</size>
         <input_file_ref idref="fl-100"/>
      </object_component>
      <object_component id="oc-4c6">
         <name>.text:__aeabi_cdrcmple</name>
         <load_address>0xc0c6</load_address>
         <run_address>0xc0c6</run_address>
         <size>0x86</size>
         <input_file_ref idref="fl-100"/>
      </object_component>
      <object_component id="oc-fb">
         <name>.text</name>
         <load_address>0xc14c</load_address>
         <run_address>0xc14c</run_address>
         <size>0x7a</size>
         <input_file_ref idref="fl-fe"/>
      </object_component>
      <object_component id="oc-4e6">
         <name>.text:_mcpy</name>
         <load_address>0xc1c6</load_address>
         <run_address>0xc1c6</run_address>
         <size>0x6e</size>
         <input_file_ref idref="fl-111"/>
      </object_component>
      <object_component id="oc-16">
         <name>.text:decompress:lzss:__TI_decompress_lzss</name>
         <load_address>0xc234</load_address>
         <run_address>0xc234</run_address>
         <size>0x68</size>
         <input_file_ref idref="fl-10b"/>
      </object_component>
      <object_component id="oc-4fb">
         <name>.text:frexp</name>
         <load_address>0xc29c</load_address>
         <run_address>0xc29c</run_address>
         <size>0x64</size>
         <input_file_ref idref="fl-120"/>
      </object_component>
      <object_component id="oc-43c">
         <name>.text:_pconv_f</name>
         <load_address>0xc300</load_address>
         <run_address>0xc300</run_address>
         <size>0x56</size>
         <input_file_ref idref="fl-111"/>
      </object_component>
      <object_component id="oc-4d0">
         <name>.text:__TI_ltoa</name>
         <load_address>0xc356</load_address>
         <run_address>0xc356</run_address>
         <size>0x54</size>
         <input_file_ref idref="fl-119"/>
      </object_component>
      <object_component id="oc-4e0">
         <name>.text:_ecpy</name>
         <load_address>0xc3aa</load_address>
         <run_address>0xc3aa</run_address>
         <size>0x52</size>
         <input_file_ref idref="fl-111"/>
      </object_component>
      <object_component id="oc-425">
         <name>.text:atoi</name>
         <load_address>0xc3fc</load_address>
         <run_address>0xc3fc</run_address>
         <size>0x4c</size>
         <input_file_ref idref="fl-11b"/>
      </object_component>
      <object_component id="oc-4cb">
         <name>.text</name>
         <load_address>0xc448</load_address>
         <run_address>0xc448</run_address>
         <size>0x48</size>
         <input_file_ref idref="fl-112"/>
      </object_component>
      <object_component id="oc-2b7">
         <name>.text:__TI_auto_init_nobinit_nopinit:__TI_auto_init_nobinit_nopinit</name>
         <load_address>0xc490</load_address>
         <run_address>0xc490</run_address>
         <size>0x44</size>
         <input_file_ref idref="fl-114"/>
      </object_component>
      <object_component id="oc-274">
         <name>.text:sprintf</name>
         <load_address>0xc4d4</load_address>
         <run_address>0xc4d4</run_address>
         <size>0x40</size>
         <input_file_ref idref="fl-fd"/>
      </object_component>
      <object_component id="oc-4f3">
         <name>.text:_fcpy</name>
         <load_address>0xc514</load_address>
         <run_address>0xc514</run_address>
         <size>0x3e</size>
         <input_file_ref idref="fl-111"/>
      </object_component>
      <object_component id="oc-1dd">
         <name>.text</name>
         <load_address>0xc552</load_address>
         <run_address>0xc552</run_address>
         <size>0x3e</size>
         <input_file_ref idref="fl-1d"/>
      </object_component>
      <object_component id="oc-26e">
         <name>.text:strncpy</name>
         <load_address>0xc590</load_address>
         <run_address>0xc590</run_address>
         <size>0x36</size>
         <input_file_ref idref="fl-10d"/>
      </object_component>
      <object_component id="oc-7d">
         <name>.text:_c_int00_noargs:_c_int00_noargs</name>
         <load_address>0xc5c8</load_address>
         <run_address>0xc5c8</run_address>
         <size>0x34</size>
         <input_file_ref idref="fl-10f"/>
      </object_component>
      <object_component id="oc-293">
         <name>.text:rand</name>
         <load_address>0xc5fc</load_address>
         <run_address>0xc5fc</run_address>
         <size>0x34</size>
         <input_file_ref idref="fl-10c"/>
      </object_component>
      <object_component id="oc-4d6">
         <name>.text</name>
         <load_address>0xc630</load_address>
         <run_address>0xc630</run_address>
         <size>0x2e</size>
         <input_file_ref idref="fl-106"/>
      </object_component>
      <object_component id="oc-29e">
         <name>.text:srand</name>
         <load_address>0xc660</load_address>
         <run_address>0xc660</run_address>
         <size>0x24</size>
         <input_file_ref idref="fl-10c"/>
      </object_component>
      <object_component id="oc-1fa">
         <name>.text</name>
         <load_address>0xc684</load_address>
         <run_address>0xc684</run_address>
         <size>0x22</size>
         <input_file_ref idref="fl-3c"/>
      </object_component>
      <object_component id="oc-44e">
         <name>.text:memccpy</name>
         <load_address>0xc6a6</load_address>
         <run_address>0xc6a6</run_address>
         <size>0x1c</size>
         <input_file_ref idref="fl-11d"/>
      </object_component>
      <object_component id="oc-560">
         <name>.text:copysign</name>
         <load_address>0xc6c2</load_address>
         <run_address>0xc6c2</run_address>
         <size>0x1a</size>
         <input_file_ref idref="fl-110"/>
      </object_component>
      <object_component id="oc-39a">
         <name>.text:_outs</name>
         <load_address>0xc6dc</load_address>
         <run_address>0xc6dc</run_address>
         <size>0x18</size>
         <input_file_ref idref="fl-fd"/>
      </object_component>
      <object_component id="oc-28">
         <name>.text</name>
         <load_address>0xc6f4</load_address>
         <run_address>0xc6f4</run_address>
         <size>0x16</size>
         <input_file_ref idref="fl-3"/>
      </object_component>
      <object_component id="oc-507">
         <name>.text:strchr</name>
         <load_address>0xc70a</load_address>
         <run_address>0xc70a</run_address>
         <size>0x16</size>
         <input_file_ref idref="fl-11e"/>
      </object_component>
      <object_component id="oc-41f">
         <name>.text:strlen</name>
         <load_address>0xc720</load_address>
         <run_address>0xc720</run_address>
         <size>0x14</size>
         <input_file_ref idref="fl-11f"/>
      </object_component>
      <object_component id="oc-454">
         <name>.text:wcslen</name>
         <load_address>0xc734</load_address>
         <run_address>0xc734</run_address>
         <size>0x12</size>
         <input_file_ref idref="fl-121"/>
      </object_component>
      <object_component id="oc-1c">
         <name>.text:decompress:none:__TI_decompress_none</name>
         <load_address>0xc746</load_address>
         <run_address>0xc746</run_address>
         <size>0xe</size>
         <input_file_ref idref="fl-10a"/>
      </object_component>
      <object_component id="oc-71">
         <name>.text:decompress:ZI:__TI_zero_init</name>
         <load_address>0xc754</load_address>
         <run_address>0xc754</run_address>
         <size>0xc</size>
         <input_file_ref idref="fl-109"/>
      </object_component>
      <object_component id="oc-3a0">
         <name>.text:_outc</name>
         <load_address>0xc760</load_address>
         <run_address>0xc760</run_address>
         <size>0xa</size>
         <input_file_ref idref="fl-fd"/>
      </object_component>
      <object_component id="oc-45a">
         <name>.text:__aeabi_errno_addr</name>
         <load_address>0xc76c</load_address>
         <run_address>0xc76c</run_address>
         <size>0x8</size>
         <input_file_ref idref="fl-10e"/>
      </object_component>
      <object_component id="oc-169">
         <name>.text:_system_pre_init</name>
         <load_address>0xc774</load_address>
         <run_address>0xc774</run_address>
         <size>0x4</size>
         <input_file_ref idref="fl-115"/>
      </object_component>
      <object_component id="oc-2ab">
         <name>.text:abort:abort</name>
         <load_address>0xc778</load_address>
         <run_address>0xc778</run_address>
         <size>0x4</size>
         <input_file_ref idref="fl-117"/>
      </object_component>
      <object_component id="oc-3b1">
         <name>.const:.string:g_pucFontFixed6x8Data</name>
         <load_address>0xc77c</load_address>
         <run_address>0xc77c</run_address>
         <size>0x2f8</size>
         <input_file_ref idref="fl-13"/>
      </object_component>
      <object_component id="oc-4b0">
         <name>.const:.string:_ctypes_</name>
         <load_address>0xca74</load_address>
         <run_address>0xca74</run_address>
         <size>0x101</size>
         <input_file_ref idref="fl-11c"/>
      </object_component>
      <object_component id="oc-280">
         <name>.const:g_sFontFixed6x8</name>
         <load_address>0xcb78</load_address>
         <run_address>0xcb78</run_address>
         <size>0xc8</size>
         <input_file_ref idref="fl-13"/>
      </object_component>
      <object_component id="oc-21c">
         <name>.const:_ctlRegs</name>
         <load_address>0xcc40</load_address>
         <run_address>0xcc40</run_address>
         <size>0x80</size>
         <input_file_ref idref="fl-1a"/>
      </object_component>
      <object_component id="oc-1e9">
         <name>.const:g_pulRegs</name>
         <load_address>0xccc0</load_address>
         <run_address>0xccc0</run_address>
         <size>0x50</size>
         <input_file_ref idref="fl-25"/>
      </object_component>
      <object_component id="oc-27d">
         <name>.const:g_sCrystalfontz128x128</name>
         <load_address>0xcd10</load_address>
         <run_address>0xcd10</run_address>
         <size>0x2c</size>
         <input_file_ref idref="fl-34"/>
      </object_component>
      <object_component id="oc-dd">
         <name>.const:uart_config</name>
         <load_address>0xcd3c</load_address>
         <run_address>0xcd3c</run_address>
         <size>0x24</size>
         <input_file_ref idref="fl-40"/>
      </object_component>
      <object_component id="oc-1e6">
         <name>.const:g_pulPriority</name>
         <load_address>0xcd60</load_address>
         <run_address>0xcd60</run_address>
         <size>0x20</size>
         <input_file_ref idref="fl-25"/>
      </object_component>
      <object_component id="oc-3fc">
         <name>.const:$P$T0$1</name>
         <load_address>0xcd80</load_address>
         <run_address>0xcd80</run_address>
         <size>0x1c</size>
         <input_file_ref idref="fl-35"/>
      </object_component>
      <object_component id="oc-1d6">
         <name>.const:GPIO_PORT_TO_INT</name>
         <load_address>0xcd9c</load_address>
         <run_address>0xcd9c</run_address>
         <size>0x1c</size>
         <input_file_ref idref="fl-23"/>
      </object_component>
      <object_component id="oc-37c">
         <name>.const:$P$T0$1</name>
         <load_address>0xcdb8</load_address>
         <run_address>0xcdb8</run_address>
         <size>0x8</size>
         <input_file_ref idref="fl-34"/>
      </object_component>
      <object_component id="oc-1ef">
         <name>.const:g_pulDisRegs</name>
         <load_address>0xcdc0</load_address>
         <run_address>0xcdc0</run_address>
         <size>0x8</size>
         <input_file_ref idref="fl-25"/>
      </object_component>
      <object_component id="oc-1ec">
         <name>.const:g_pulEnRegs</name>
         <load_address>0xcdc8</load_address>
         <run_address>0xcdc8</run_address>
         <size>0x8</size>
         <input_file_ref idref="fl-25"/>
      </object_component>
      <object_component id="oc-1f2">
         <name>.const:g_pulPendRegs</name>
         <load_address>0xcdd0</load_address>
         <run_address>0xcdd0</run_address>
         <size>0x8</size>
         <input_file_ref idref="fl-25"/>
      </object_component>
      <object_component id="oc-1f5">
         <name>.const:g_pulUnpendRegs</name>
         <load_address>0xcdd8</load_address>
         <run_address>0xcdd8</run_address>
         <size>0x8</size>
         <input_file_ref idref="fl-25"/>
      </object_component>
      <object_component id="oc-a1">
         <name>.const</name>
         <load_address>0xcde0</load_address>
         <run_address>0xcde0</run_address>
         <size>0x8</size>
         <input_file_ref idref="fl-5"/>
      </object_component>
      <object_component id="oc-5b9">
         <name>.cinit..data.load</name>
         <load_address>0xcde8</load_address>
         <run_address>0xcde8</run_address>
         <size>0xb4</size>
      </object_component>
      <object_component id="oc-5b6">
         <name>__TI_handler_table</name>
         <load_address>0xce9c</load_address>
         <run_address>0xce9c</run_address>
         <size>0xc</size>
      </object_component>
      <object_component id="oc-5ba">
         <name>.cinit..bss.load</name>
         <load_address>0xcea8</load_address>
         <run_address>0xcea8</run_address>
         <size>0x8</size>
      </object_component>
      <object_component id="oc-5b8">
         <name>.cinit..vtable.load</name>
         <load_address>0xceb0</load_address>
         <run_address>0xceb0</run_address>
         <size>0x8</size>
      </object_component>
      <object_component id="oc-5b7">
         <name>__TI_cinit_table</name>
         <load_address>0xceb8</load_address>
         <run_address>0xceb8</run_address>
         <size>0x18</size>
      </object_component>
      <object_component id="oc-1e3">
         <name>.vtable</name>
         <uninitialized>true</uninitialized>
         <run_address>0x20000000</run_address>
         <size>0xe4</size>
         <input_file_ref idref="fl-25"/>
      </object_component>
      <object_component id="oc-28f">
         <name>.data</name>
         <load_address>0x2000c8e4</load_address>
         <run_address>0x2000c8e4</run_address>
         <size>0x5</size>
         <input_file_ref idref="fl-2"/>
      </object_component>
      <object_component id="oc-283">
         <name>.data:LCDL1</name>
         <load_address>0x2000c644</load_address>
         <run_address>0x2000c644</run_address>
         <size>0x50</size>
         <input_file_ref idref="fl-2"/>
      </object_component>
      <object_component id="oc-286">
         <name>.data:LCDL2</name>
         <load_address>0x2000c694</load_address>
         <run_address>0x2000c694</run_address>
         <size>0x50</size>
         <input_file_ref idref="fl-2"/>
      </object_component>
      <object_component id="oc-289">
         <name>.data:LCDL3</name>
         <load_address>0x2000c6e4</load_address>
         <run_address>0x2000c6e4</run_address>
         <size>0x50</size>
         <input_file_ref idref="fl-2"/>
      </object_component>
      <object_component id="oc-28c">
         <name>.data:LCDL4</name>
         <load_address>0x2000c734</load_address>
         <run_address>0x2000c734</run_address>
         <size>0x50</size>
         <input_file_ref idref="fl-2"/>
      </object_component>
      <object_component id="oc-29a">
         <name>.data:LCDL5</name>
         <load_address>0x2000c784</load_address>
         <run_address>0x2000c784</run_address>
         <size>0x50</size>
         <input_file_ref idref="fl-2"/>
      </object_component>
      <object_component id="oc-181">
         <name>.data</name>
         <load_address>0x2000c8f4</load_address>
         <run_address>0x2000c8f4</run_address>
         <size>0x4</size>
         <input_file_ref idref="fl-4"/>
      </object_component>
      <object_component id="oc-b1">
         <name>.data</name>
         <load_address>0x2000c8c8</load_address>
         <run_address>0x2000c8c8</run_address>
         <size>0xc</size>
         <input_file_ref idref="fl-5"/>
      </object_component>
      <object_component id="oc-300">
         <name>.data</name>
         <load_address>0x2000c8dc</load_address>
         <run_address>0x2000c8dc</run_address>
         <size>0x8</size>
         <input_file_ref idref="fl-9"/>
      </object_component>
      <object_component id="oc-9e">
         <name>.data</name>
         <load_address>0x2000c814</load_address>
         <run_address>0x2000c814</run_address>
         <size>0x34</size>
         <input_file_ref idref="fl-c"/>
      </object_component>
      <object_component id="oc-238">
         <name>.data:__getBurstProgramRegs</name>
         <load_address>0x2000c7d4</load_address>
         <run_address>0x2000c7d4</run_address>
         <size>0x40</size>
         <input_file_ref idref="fl-21"/>
      </object_component>
      <object_component id="oc-1d3">
         <name>.data:GPIO_PORT_TO_BASE</name>
         <load_address>0x2000c848</load_address>
         <run_address>0x2000c848</run_address>
         <size>0x30</size>
         <input_file_ref idref="fl-23"/>
      </object_component>
      <object_component id="oc-13e">
         <name>.data:buttons</name>
         <load_address>0x2000c878</load_address>
         <run_address>0x2000c878</run_address>
         <size>0x18</size>
         <input_file_ref idref="fl-38"/>
      </object_component>
      <object_component id="oc-12d">
         <name>.data:leds</name>
         <load_address>0x2000c8b8</load_address>
         <run_address>0x2000c8b8</run_address>
         <size>0x10</size>
         <input_file_ref idref="fl-3d"/>
      </object_component>
      <object_component id="oc-12a">
         <name>.data:buttons</name>
         <load_address>0x2000c890</load_address>
         <run_address>0x2000c890</run_address>
         <size>0x18</size>
         <input_file_ref idref="fl-3d"/>
      </object_component>
      <object_component id="oc-130">
         <name>.data:debug</name>
         <load_address>0x2000c8a8</load_address>
         <run_address>0x2000c8a8</run_address>
         <size>0x10</size>
         <input_file_ref idref="fl-3d"/>
      </object_component>
      <object_component id="oc-3c4">
         <name>.data</name>
         <load_address>0x2000c8f0</load_address>
         <run_address>0x2000c8f0</run_address>
         <size>0x4</size>
         <input_file_ref idref="fl-10c"/>
      </object_component>
      <object_component id="oc-517">
         <name>.data</name>
         <load_address>0x2000c8ec</load_address>
         <run_address>0x2000c8ec</run_address>
         <size>0x4</size>
         <input_file_ref idref="fl-10e"/>
      </object_component>
      <object_component id="oc-3c1">
         <name>.data:$O1$$</name>
         <load_address>0x2000c8d4</load_address>
         <run_address>0x2000c8d4</run_address>
         <size>0x8</size>
         <input_file_ref idref="fl-118"/>
      </object_component>
      <object_component id="oc-27a">
         <name>.bss:g_sContext</name>
         <uninitialized>true</uninitialized>
         <run_address>0x2000c570</run_address>
         <size>0x1c</size>
         <input_file_ref idref="fl-2"/>
      </object_component>
      <object_component id="oc-303">
         <name>.bss:ucHeap</name>
         <uninitialized>true</uninitialized>
         <run_address>0x200000e4</run_address>
         <size>0xc000</size>
         <input_file_ref idref="fl-9"/>
      </object_component>
      <object_component id="oc-1a3">
         <name>.bss:pxReadyTasksLists</name>
         <uninitialized>true</uninitialized>
         <run_address>0x2000c4e4</run_address>
         <size>0x8c</size>
         <input_file_ref idref="fl-c"/>
      </object_component>
      <object_component id="oc-1b2">
         <name>.bss:xDelayedTaskList1</name>
         <uninitialized>true</uninitialized>
         <run_address>0x2000c58c</run_address>
         <size>0x14</size>
         <input_file_ref idref="fl-c"/>
      </object_component>
      <object_component id="oc-1b5">
         <name>.bss:xDelayedTaskList2</name>
         <uninitialized>true</uninitialized>
         <run_address>0x2000c5a0</run_address>
         <size>0x14</size>
         <input_file_ref idref="fl-c"/>
      </object_component>
      <object_component id="oc-1a9">
         <name>.bss</name>
         <uninitialized>true</uninitialized>
         <run_address>0x2000c610</run_address>
         <size>0x8</size>
         <input_file_ref idref="fl-c"/>
      </object_component>
      <object_component id="oc-1af">
         <name>.bss:xPendingReadyList</name>
         <uninitialized>true</uninitialized>
         <run_address>0x2000c5b4</run_address>
         <size>0x14</size>
         <input_file_ref idref="fl-c"/>
      </object_component>
      <object_component id="oc-1a6">
         <name>.bss:xTasksWaitingTermination</name>
         <uninitialized>true</uninitialized>
         <run_address>0x2000c5dc</run_address>
         <size>0x14</size>
         <input_file_ref idref="fl-c"/>
      </object_component>
      <object_component id="oc-1ac">
         <name>.bss:xSuspendedTaskList</name>
         <uninitialized>true</uninitialized>
         <run_address>0x2000c5c8</run_address>
         <size>0x14</size>
         <input_file_ref idref="fl-c"/>
      </object_component>
      <object_component id="oc-1b9">
         <name>.bss</name>
         <uninitialized>true</uninitialized>
         <run_address>0x2000c608</run_address>
         <size>0x8</size>
         <input_file_ref idref="fl-1f"/>
      </object_component>
      <object_component id="oc-e3">
         <name>.bss:uart_tx_buffer</name>
         <uninitialized>true</uninitialized>
         <run_address>0x2000c2e4</run_address>
         <size>0x200</size>
         <input_file_ref idref="fl-40"/>
      </object_component>
      <object_component id="oc-e9">
         <name>.bss:uart_rx_buffer</name>
         <uninitialized>true</uninitialized>
         <run_address>0x2000c0e4</run_address>
         <size>0x200</size>
         <input_file_ref idref="fl-40"/>
      </object_component>
      <object_component id="oc-e0">
         <name>.bss:buffer_tx</name>
         <uninitialized>true</uninitialized>
         <run_address>0x2000c5fc</run_address>
         <size>0xc</size>
         <input_file_ref idref="fl-40"/>
      </object_component>
      <object_component id="oc-e6">
         <name>.bss:buffer_rx</name>
         <uninitialized>true</uninitialized>
         <run_address>0x2000c5f0</run_address>
         <size>0xc</size>
         <input_file_ref idref="fl-40"/>
      </object_component>
      <object_component id="oc-ec">
         <name>.bss</name>
         <uninitialized>true</uninitialized>
         <run_address>0x2000c620</run_address>
         <size>0x4</size>
         <input_file_ref idref="fl-40"/>
      </object_component>
      <object_component id="oc-2a4">
         <name>.common:xButtonPressed</name>
         <uninitialized>true</uninitialized>
         <run_address>0x2000c628</run_address>
         <size>0x4</size>
      </object_component>
      <object_component id="oc-299">
         <name>.common:xQueueCommands</name>
         <uninitialized>true</uninitialized>
         <run_address>0x2000c630</run_address>
         <size>0x4</size>
      </object_component>
      <object_component id="oc-292">
         <name>.common:xQueueADC</name>
         <uninitialized>true</uninitialized>
         <run_address>0x2000c62c</run_address>
         <size>0x4</size>
      </object_component>
      <object_component id="oc-29d">
         <name>.common:xTicks</name>
         <uninitialized>true</uninitialized>
         <run_address>0x2000c634</run_address>
         <size>0x4</size>
      </object_component>
      <object_component id="oc-37b">
         <name>.common:Lcd_Orientation</name>
         <uninitialized>true</uninitialized>
         <run_address>0x2000c640</run_address>
         <size>0x1</size>
      </object_component>
      <object_component id="oc-373">
         <name>.common:Lcd_ScreenWidth</name>
         <uninitialized>true</uninitialized>
         <run_address>0x2000c63a</run_address>
         <size>0x2</size>
      </object_component>
      <object_component id="oc-376">
         <name>.common:Lcd_ScreenHeigth</name>
         <uninitialized>true</uninitialized>
         <run_address>0x2000c638</run_address>
         <size>0x2</size>
      </object_component>
      <object_component id="oc-377">
         <name>.common:Lcd_PenSolid</name>
         <uninitialized>true</uninitialized>
         <run_address>0x2000c641</run_address>
         <size>0x1</size>
      </object_component>
      <object_component id="oc-378">
         <name>.common:Lcd_FontSolid</name>
         <uninitialized>true</uninitialized>
         <run_address>0x2000c63f</run_address>
         <size>0x1</size>
      </object_component>
      <object_component id="oc-379">
         <name>.common:Lcd_FlagRead</name>
         <uninitialized>true</uninitialized>
         <run_address>0x2000c63e</run_address>
         <size>0x1</size>
      </object_component>
      <object_component id="oc-37a">
         <name>.common:Lcd_TouchTrim</name>
         <uninitialized>true</uninitialized>
         <run_address>0x2000c63c</run_address>
         <size>0x2</size>
      </object_component>
      <object_component id="oc-111">
         <name>.common:adc_callback_func</name>
         <uninitialized>true</uninitialized>
         <run_address>0x2000c624</run_address>
         <size>0x4</size>
      </object_component>
      <object_component id="oc-10c">
         <name>.common:results_buffer</name>
         <uninitialized>true</uninitialized>
         <run_address>0x2000c618</run_address>
         <size>0x8</size>
      </object_component>
      <object_component id="oc-25">
         <name>.stack</name>
         <uninitialized>true</uninitialized>
         <run_address>0x2000fe00</run_address>
         <size>0x4</size>
         <input_file_ref idref="fl-10f"/>
      </object_component>
      <object_component id="oc-5bc">
         <name>.stack</name>
         <uninitialized>true</uninitialized>
         <run_address>0x2000fe00</run_address>
         <size>0x0</size>
      </object_component>
      <object_component id="oc-1cc">
         <name>.debug_info</name>
         <load_address>0x0</load_address>
         <run_address>0x0</run_address>
         <size>0xfba</size>
         <input_file_ref idref="fl-2"/>
      </object_component>
      <object_component id="oc-27b">
         <name>.debug_info</name>
         <load_address>0xfba</load_address>
         <run_address>0xfba</run_address>
         <size>0xd4</size>
         <input_file_ref idref="fl-2"/>
      </object_component>
      <object_component id="oc-290">
         <name>.debug_info</name>
         <load_address>0x108e</load_address>
         <run_address>0x108e</run_address>
         <size>0x183</size>
         <input_file_ref idref="fl-2"/>
      </object_component>
      <object_component id="oc-284">
         <name>.debug_info</name>
         <load_address>0x1211</load_address>
         <run_address>0x1211</run_address>
         <size>0xcb</size>
         <input_file_ref idref="fl-2"/>
      </object_component>
      <object_component id="oc-287">
         <name>.debug_info</name>
         <load_address>0x12dc</load_address>
         <run_address>0x12dc</run_address>
         <size>0xcb</size>
         <input_file_ref idref="fl-2"/>
      </object_component>
      <object_component id="oc-28a">
         <name>.debug_info</name>
         <load_address>0x13a7</load_address>
         <run_address>0x13a7</run_address>
         <size>0xcb</size>
         <input_file_ref idref="fl-2"/>
      </object_component>
      <object_component id="oc-28d">
         <name>.debug_info</name>
         <load_address>0x1472</load_address>
         <run_address>0x1472</run_address>
         <size>0xcb</size>
         <input_file_ref idref="fl-2"/>
      </object_component>
      <object_component id="oc-29b">
         <name>.debug_info</name>
         <load_address>0x153d</load_address>
         <run_address>0x153d</run_address>
         <size>0xcb</size>
         <input_file_ref idref="fl-2"/>
      </object_component>
      <object_component id="oc-170">
         <name>.debug_info</name>
         <load_address>0x1608</load_address>
         <run_address>0x1608</run_address>
         <size>0xf2c</size>
         <input_file_ref idref="fl-2"/>
      </object_component>
      <object_component id="oc-190">
         <name>.debug_info</name>
         <load_address>0x2534</load_address>
         <run_address>0x2534</run_address>
         <size>0x30c</size>
         <input_file_ref idref="fl-2"/>
      </object_component>
      <object_component id="oc-2a6">
         <name>.debug_info</name>
         <load_address>0x2840</load_address>
         <run_address>0x2840</run_address>
         <size>0x90</size>
         <input_file_ref idref="fl-2"/>
      </object_component>
      <object_component id="oc-206">
         <name>.debug_info</name>
         <load_address>0x28d0</load_address>
         <run_address>0x28d0</run_address>
         <size>0x86</size>
         <input_file_ref idref="fl-2"/>
      </object_component>
      <object_component id="oc-2fb">
         <name>.debug_info</name>
         <load_address>0x2956</load_address>
         <run_address>0x2956</run_address>
         <size>0x110</size>
         <input_file_ref idref="fl-2"/>
      </object_component>
      <object_component id="oc-14e">
         <name>.debug_info</name>
         <load_address>0x2a66</load_address>
         <run_address>0x2a66</run_address>
         <size>0x26b</size>
         <input_file_ref idref="fl-2"/>
      </object_component>
      <object_component id="oc-149">
         <name>.debug_info</name>
         <load_address>0x2cd1</load_address>
         <run_address>0x2cd1</run_address>
         <size>0x1055</size>
         <input_file_ref idref="fl-2"/>
      </object_component>
      <object_component id="oc-144">
         <name>.debug_info</name>
         <load_address>0x3d26</load_address>
         <run_address>0x3d26</run_address>
         <size>0x37e2</size>
         <input_file_ref idref="fl-2"/>
      </object_component>
      <object_component id="oc-31c">
         <name>.debug_info</name>
         <load_address>0x7508</load_address>
         <run_address>0x7508</run_address>
         <size>0x1b5</size>
         <input_file_ref idref="fl-2"/>
      </object_component>
      <object_component id="oc-1c7">
         <name>.debug_info</name>
         <load_address>0x76bd</load_address>
         <run_address>0x76bd</run_address>
         <size>0x3cd</size>
         <input_file_ref idref="fl-2"/>
      </object_component>
      <object_component id="oc-323">
         <name>.debug_info</name>
         <load_address>0x7a8a</load_address>
         <run_address>0x7a8a</run_address>
         <size>0x40a</size>
         <input_file_ref idref="fl-2"/>
      </object_component>
      <object_component id="oc-354">
         <name>.debug_info</name>
         <load_address>0x7e94</load_address>
         <run_address>0x7e94</run_address>
         <size>0xc6</size>
         <input_file_ref idref="fl-2"/>
      </object_component>
      <object_component id="oc-f5">
         <name>.debug_info</name>
         <load_address>0x7f5a</load_address>
         <run_address>0x7f5a</run_address>
         <size>0x8b</size>
         <input_file_ref idref="fl-2"/>
      </object_component>
      <object_component id="oc-32d">
         <name>.debug_info</name>
         <load_address>0x7fe5</load_address>
         <run_address>0x7fe5</run_address>
         <size>0x46</size>
         <input_file_ref idref="fl-2"/>
      </object_component>
      <object_component id="oc-328">
         <name>.debug_info</name>
         <load_address>0x802b</load_address>
         <run_address>0x802b</run_address>
         <size>0x2c</size>
         <input_file_ref idref="fl-2"/>
      </object_component>
      <object_component id="oc-b6">
         <name>.debug_info</name>
         <load_address>0x8057</load_address>
         <run_address>0x8057</run_address>
         <size>0x2c</size>
         <input_file_ref idref="fl-2"/>
      </object_component>
      <object_component id="oc-134">
         <name>.debug_info</name>
         <load_address>0x8083</load_address>
         <run_address>0x8083</run_address>
         <size>0x2c</size>
         <input_file_ref idref="fl-2"/>
      </object_component>
      <object_component id="oc-f0">
         <name>.debug_info</name>
         <load_address>0x80af</load_address>
         <run_address>0x80af</run_address>
         <size>0x2c</size>
         <input_file_ref idref="fl-2"/>
      </object_component>
      <object_component id="oc-113">
         <name>.debug_info</name>
         <load_address>0x80db</load_address>
         <run_address>0x80db</run_address>
         <size>0x39</size>
         <input_file_ref idref="fl-2"/>
      </object_component>
      <object_component id="oc-1ce">
         <name>.debug_info</name>
         <load_address>0x8114</load_address>
         <run_address>0x8114</run_address>
         <size>0x2a4</size>
         <input_file_ref idref="fl-2"/>
      </object_component>
      <object_component id="oc-139">
         <name>.debug_info</name>
         <load_address>0x83b8</load_address>
         <run_address>0x83b8</run_address>
         <size>0xef</size>
         <input_file_ref idref="fl-2"/>
      </object_component>
      <object_component id="oc-c0">
         <name>.debug_info</name>
         <load_address>0x84a7</load_address>
         <run_address>0x84a7</run_address>
         <size>0xbb</size>
         <input_file_ref idref="fl-2"/>
      </object_component>
      <object_component id="oc-bb">
         <name>.debug_info</name>
         <load_address>0x8562</load_address>
         <run_address>0x8562</run_address>
         <size>0x53</size>
         <input_file_ref idref="fl-2"/>
      </object_component>
      <object_component id="oc-3a8">
         <name>.debug_info</name>
         <load_address>0x85b5</load_address>
         <run_address>0x85b5</run_address>
         <size>0x2c</size>
         <input_file_ref idref="fl-2"/>
      </object_component>
      <object_component id="oc-400">
         <name>.debug_info</name>
         <load_address>0x85e1</load_address>
         <run_address>0x85e1</run_address>
         <size>0x131</size>
         <input_file_ref idref="fl-2"/>
      </object_component>
      <object_component id="oc-215">
         <name>.debug_info</name>
         <load_address>0x8712</load_address>
         <run_address>0x8712</run_address>
         <size>0xee</size>
         <input_file_ref idref="fl-2"/>
      </object_component>
      <object_component id="oc-1c2">
         <name>.debug_info</name>
         <load_address>0x8800</load_address>
         <run_address>0x8800</run_address>
         <size>0x14c</size>
         <input_file_ref idref="fl-2"/>
      </object_component>
      <object_component id="oc-53">
         <name>.debug_info</name>
         <load_address>0x894c</load_address>
         <run_address>0x894c</run_address>
         <size>0x6f7</size>
         <input_file_ref idref="fl-3"/>
      </object_component>
      <object_component id="oc-14">
         <name>.debug_info</name>
         <load_address>0x9043</load_address>
         <run_address>0x9043</run_address>
         <size>0xef</size>
         <input_file_ref idref="fl-3"/>
      </object_component>
      <object_component id="oc-2b">
         <name>.debug_info</name>
         <load_address>0x9132</load_address>
         <run_address>0x9132</run_address>
         <size>0x23e</size>
         <input_file_ref idref="fl-3"/>
      </object_component>
      <object_component id="oc-5a">
         <name>.debug_info</name>
         <load_address>0x9370</load_address>
         <run_address>0x9370</run_address>
         <size>0x84</size>
         <input_file_ref idref="fl-3"/>
      </object_component>
      <object_component id="oc-182">
         <name>.debug_info</name>
         <load_address>0x93f4</load_address>
         <run_address>0x93f4</run_address>
         <size>0xed</size>
         <input_file_ref idref="fl-4"/>
      </object_component>
      <object_component id="oc-92">
         <name>.debug_info</name>
         <load_address>0x94e1</load_address>
         <run_address>0x94e1</run_address>
         <size>0x25f</size>
         <input_file_ref idref="fl-4"/>
      </object_component>
      <object_component id="oc-b5">
         <name>.debug_info</name>
         <load_address>0x9740</load_address>
         <run_address>0x9740</run_address>
         <size>0x731</size>
         <input_file_ref idref="fl-5"/>
      </object_component>
      <object_component id="oc-a2">
         <name>.debug_info</name>
         <load_address>0x9e71</load_address>
         <run_address>0x9e71</run_address>
         <size>0x17f</size>
         <input_file_ref idref="fl-5"/>
      </object_component>
      <object_component id="oc-b2">
         <name>.debug_info</name>
         <load_address>0x9ff0</load_address>
         <run_address>0x9ff0</run_address>
         <size>0x18a</size>
         <input_file_ref idref="fl-5"/>
      </object_component>
      <object_component id="oc-35">
         <name>.debug_info</name>
         <load_address>0xa17a</load_address>
         <run_address>0xa17a</run_address>
         <size>0xab6</size>
         <input_file_ref idref="fl-5"/>
      </object_component>
      <object_component id="oc-31">
         <name>.debug_info</name>
         <load_address>0xac30</load_address>
         <run_address>0xac30</run_address>
         <size>0x26c</size>
         <input_file_ref idref="fl-6"/>
      </object_component>
      <object_component id="oc-3eb">
         <name>.debug_info</name>
         <load_address>0xae9c</load_address>
         <run_address>0xae9c</run_address>
         <size>0x8fe</size>
         <input_file_ref idref="fl-8"/>
      </object_component>
      <object_component id="oc-49b">
         <name>.debug_info</name>
         <load_address>0xb79a</load_address>
         <run_address>0xb79a</run_address>
         <size>0x39</size>
         <input_file_ref idref="fl-8"/>
      </object_component>
      <object_component id="oc-2f1">
         <name>.debug_info</name>
         <load_address>0xb7d3</load_address>
         <run_address>0xb7d3</run_address>
         <size>0x46</size>
         <input_file_ref idref="fl-8"/>
      </object_component>
      <object_component id="oc-4a0">
         <name>.debug_info</name>
         <load_address>0xb819</load_address>
         <run_address>0xb819</run_address>
         <size>0x76</size>
         <input_file_ref idref="fl-8"/>
      </object_component>
      <object_component id="oc-307">
         <name>.debug_info</name>
         <load_address>0xb88f</load_address>
         <run_address>0xb88f</run_address>
         <size>0x6d5</size>
         <input_file_ref idref="fl-9"/>
      </object_component>
      <object_component id="oc-304">
         <name>.debug_info</name>
         <load_address>0xbf64</load_address>
         <run_address>0xbf64</run_address>
         <size>0x104</size>
         <input_file_ref idref="fl-9"/>
      </object_component>
      <object_component id="oc-301">
         <name>.debug_info</name>
         <load_address>0xc068</load_address>
         <run_address>0xc068</run_address>
         <size>0x112</size>
         <input_file_ref idref="fl-9"/>
      </object_component>
      <object_component id="oc-199">
         <name>.debug_info</name>
         <load_address>0xc17a</load_address>
         <run_address>0xc17a</run_address>
         <size>0x4ca</size>
         <input_file_ref idref="fl-9"/>
      </object_component>
      <object_component id="oc-309">
         <name>.debug_info</name>
         <load_address>0xc644</load_address>
         <run_address>0xc644</run_address>
         <size>0x64e</size>
         <input_file_ref idref="fl-a"/>
      </object_component>
      <object_component id="oc-19e">
         <name>.debug_info</name>
         <load_address>0xcc92</load_address>
         <run_address>0xcc92</run_address>
         <size>0x698</size>
         <input_file_ref idref="fl-a"/>
      </object_component>
      <object_component id="oc-391">
         <name>.debug_info</name>
         <load_address>0xd32a</load_address>
         <run_address>0xd32a</run_address>
         <size>0xaa7</size>
         <input_file_ref idref="fl-b"/>
      </object_component>
      <object_component id="oc-269">
         <name>.debug_info</name>
         <load_address>0xddd1</load_address>
         <run_address>0xddd1</run_address>
         <size>0x339e</size>
         <input_file_ref idref="fl-b"/>
      </object_component>
      <object_component id="oc-418">
         <name>.debug_info</name>
         <load_address>0x1116f</load_address>
         <run_address>0x1116f</run_address>
         <size>0x17d</size>
         <input_file_ref idref="fl-b"/>
      </object_component>
      <object_component id="oc-18f">
         <name>.debug_info</name>
         <load_address>0x112ec</load_address>
         <run_address>0x112ec</run_address>
         <size>0xa5d</size>
         <input_file_ref idref="fl-c"/>
      </object_component>
      <object_component id="oc-9f">
         <name>.debug_info</name>
         <load_address>0x11d49</load_address>
         <run_address>0x11d49</run_address>
         <size>0x373</size>
         <input_file_ref idref="fl-c"/>
      </object_component>
      <object_component id="oc-1a4">
         <name>.debug_info</name>
         <load_address>0x120bc</load_address>
         <run_address>0x120bc</run_address>
         <size>0x11a</size>
         <input_file_ref idref="fl-c"/>
      </object_component>
      <object_component id="oc-1b3">
         <name>.debug_info</name>
         <load_address>0x121d6</load_address>
         <run_address>0x121d6</run_address>
         <size>0x11a</size>
         <input_file_ref idref="fl-c"/>
      </object_component>
      <object_component id="oc-1b6">
         <name>.debug_info</name>
         <load_address>0x122f0</load_address>
         <run_address>0x122f0</run_address>
         <size>0x11a</size>
         <input_file_ref idref="fl-c"/>
      </object_component>
      <object_component id="oc-1aa">
         <name>.debug_info</name>
         <load_address>0x1240a</load_address>
         <run_address>0x1240a</run_address>
         <size>0x15d</size>
         <input_file_ref idref="fl-c"/>
      </object_component>
      <object_component id="oc-1b0">
         <name>.debug_info</name>
         <load_address>0x12567</load_address>
         <run_address>0x12567</run_address>
         <size>0x11a</size>
         <input_file_ref idref="fl-c"/>
      </object_component>
      <object_component id="oc-1a7">
         <name>.debug_info</name>
         <load_address>0x12681</load_address>
         <run_address>0x12681</run_address>
         <size>0x128</size>
         <input_file_ref idref="fl-c"/>
      </object_component>
      <object_component id="oc-1ad">
         <name>.debug_info</name>
         <load_address>0x127a9</load_address>
         <run_address>0x127a9</run_address>
         <size>0x11c</size>
         <input_file_ref idref="fl-c"/>
      </object_component>
      <object_component id="oc-a5">
         <name>.debug_info</name>
         <load_address>0x128c5</load_address>
         <run_address>0x128c5</run_address>
         <size>0x560f</size>
         <input_file_ref idref="fl-c"/>
      </object_component>
      <object_component id="oc-2f6">
         <name>.debug_info</name>
         <load_address>0x17ed4</load_address>
         <run_address>0x17ed4</run_address>
         <size>0x146</size>
         <input_file_ref idref="fl-c"/>
      </object_component>
      <object_component id="oc-387">
         <name>.debug_info</name>
         <load_address>0x1801a</load_address>
         <run_address>0x1801a</run_address>
         <size>0x51d</size>
         <input_file_ref idref="fl-11"/>
      </object_component>
      <object_component id="oc-25d">
         <name>.debug_info</name>
         <load_address>0x18537</load_address>
         <run_address>0x18537</run_address>
         <size>0x1456</size>
         <input_file_ref idref="fl-11"/>
      </object_component>
      <object_component id="oc-40f">
         <name>.debug_info</name>
         <load_address>0x1998d</load_address>
         <run_address>0x1998d</run_address>
         <size>0x3bd</size>
         <input_file_ref idref="fl-12"/>
      </object_component>
      <object_component id="oc-381">
         <name>.debug_info</name>
         <load_address>0x19d4a</load_address>
         <run_address>0x19d4a</run_address>
         <size>0xbc1</size>
         <input_file_ref idref="fl-12"/>
      </object_component>
      <object_component id="oc-3b6">
         <name>.debug_info</name>
         <load_address>0x1a90b</load_address>
         <run_address>0x1a90b</run_address>
         <size>0x238</size>
         <input_file_ref idref="fl-13"/>
      </object_component>
      <object_component id="oc-3b2">
[...]
         <value>0x92a3</value>
         <object_component_ref idref="oc-cb"/>
      </symbol>
      <symbol id="sm-eba">
         <name>UART_initModule</name>
         <value>0x9091</value>
         <object_component_ref idref="oc-cb"/>
      </symbol>
      <symbol id="sm-ebb">
         <name>UART_transmitAddress</name>
         <value>0x9231</value>
         <object_component_ref idref="oc-cb"/>
      </symbol>
      <symbol id="sm-ebc">
         <name>UART_clearInterruptFlag</name>
         <value>0x93a5</value>
         <object_component_ref idref="oc-cb"/>
      </symbol>
      <symbol id="sm-ebd">
         <name>UART_queryStatusFlags</name>
         <value>0x91f5</value>
         <object_component_ref idref="oc-cb"/>
      </symbol>
      <symbol id="sm-ebe">
         <name>UART_disableInterrupt</name>
         <value>0x92fd</value>
         <object_component_ref idref="oc-cb"/>
      </symbol>
      <symbol id="sm-ebf">
         <name>UART_setDormant</name>
         <value>0x9209</value>
         <object_component_ref idref="oc-cb"/>
      </symbol>
      <symbol id="sm-ec0">
         <name>UART_resetDormant</name>
         <value>0x921d</value>
         <object_component_ref idref="oc-cb"/>
      </symbol>
      <symbol id="sm-ed7">
         <name>WDT_A_setTimeoutReset</name>
         <value>0xba49</value>
         <object_component_ref idref="oc-97"/>
      </symbol>
      <symbol id="sm-ed8">
         <name>WDT_A_registerInterrupt</name>
         <value>0xba55</value>
         <object_component_ref idref="oc-97"/>
      </symbol>
      <symbol id="sm-ed9">
         <name>WDT_A_setPasswordViolationReset</name>
         <value>0xba3d</value>
         <object_component_ref idref="oc-97"/>
      </symbol>
      <symbol id="sm-eda">
         <name>WDT_A_initIntervalTimer</name>
         <value>0xba21</value>
         <object_component_ref idref="oc-97"/>
      </symbol>
      <symbol id="sm-edb">
         <name>WDT_A_clearTimer</name>
         <value>0xb9e5</value>
         <object_component_ref idref="oc-97"/>
      </symbol>
      <symbol id="sm-edc">
         <name>WDT_A_holdTimer</name>
         <value>0xb9a5</value>
         <object_component_ref idref="oc-97"/>
      </symbol>
      <symbol id="sm-edd">
         <name>WDT_A_initWatchdogTimer</name>
         <value>0xba05</value>
         <object_component_ref idref="oc-97"/>
      </symbol>
      <symbol id="sm-ede">
         <name>WDT_A_startTimer</name>
         <value>0xb9c5</value>
         <object_component_ref idref="oc-97"/>
      </symbol>
      <symbol id="sm-edf">
         <name>WDT_A_unregisterInterrupt</name>
         <value>0xba69</value>
         <object_component_ref idref="oc-97"/>
      </symbol>
      <symbol id="sm-f45">
         <name>Lcd_Orientation</name>
         <value>0x2000c640</value>
      </symbol>
      <symbol id="sm-f46">
         <name>Lcd_ScreenWidth</name>
         <value>0x2000c63a</value>
      </symbol>
      <symbol id="sm-f47">
         <name>Lcd_ScreenHeigth</name>
         <value>0x2000c638</value>
      </symbol>
      <symbol id="sm-f48">
         <name>Lcd_PenSolid</name>
         <value>0x2000c641</value>
      </symbol>
      <symbol id="sm-f49">
         <name>Lcd_FontSolid</name>
         <value>0x2000c63f</value>
      </symbol>
      <symbol id="sm-f4a">
         <name>Lcd_FlagRead</name>
         <value>0x2000c63e</value>
      </symbol>
      <symbol id="sm-f4b">
         <name>Lcd_TouchTrim</name>
         <value>0x2000c63c</value>
      </symbol>
      <symbol id="sm-f4c">
         <name>Crystalfontz128x128_SetDrawFrame</name>
         <value>0x76e5</value>
         <object_component_ref idref="oc-256"/>
      </symbol>
      <symbol id="sm-f4d">
         <name>Crystalfontz128x128_SetOrientation</name>
         <value>0x7813</value>
         <object_component_ref idref="oc-256"/>
      </symbol>
      <symbol id="sm-f4e">
         <name>g_sCrystalfontz128x128</name>
         <value>0xcd10</value>
         <object_component_ref idref="oc-27d"/>
      </symbol>
      <symbol id="sm-f4f">
         <name>Crystalfontz128x128_Init</name>
         <value>0x75d1</value>
         <object_component_ref idref="oc-256"/>
      </symbol>
      <symbol id="sm-f6d">
         <name>HAL_LCD_writeData</name>
         <value>0xbcb9</value>
         <object_component_ref idref="oc-36d"/>
      </symbol>
      <symbol id="sm-f6e">
         <name>HAL_LCD_SpiInit</name>
         <value>0xbc4d</value>
         <object_component_ref idref="oc-36d"/>
      </symbol>
      <symbol id="sm-f6f">
         <name>HAL_LCD_PortInit</name>
         <value>0xbc1d</value>
         <object_component_ref idref="oc-36d"/>
      </symbol>
      <symbol id="sm-f70">
         <name>HAL_LCD_writeCommand</name>
         <value>0xbc83</value>
         <object_component_ref idref="oc-36d"/>
      </symbol>
      <symbol id="sm-f87">
         <name>circ_buffer_push</name>
         <value>0xb7db</value>
         <object_component_ref idref="oc-d7"/>
      </symbol>
      <symbol id="sm-f88">
         <name>circ_buffer_is_full</name>
         <value>0xb865</value>
         <object_component_ref idref="oc-d7"/>
      </symbol>
      <symbol id="sm-f89">
         <name>circ_buffer_init</name>
         <value>0xb7b1</value>
         <object_component_ref idref="oc-d7"/>
      </symbol>
      <symbol id="sm-f8a">
         <name>circ_buffer_is_empty</name>
         <value>0xb845</value>
         <object_component_ref idref="oc-d7"/>
      </symbol>
      <symbol id="sm-f8b">
         <name>circ_buffer_pop</name>
         <value>0xb80d</value>
         <object_component_ref idref="oc-d7"/>
      </symbol>
      <symbol id="sm-f9b">
         <name>adc_callback_func</name>
         <value>0x2000c624</value>
      </symbol>
      <symbol id="sm-f9c">
         <name>results_buffer</name>
         <value>0x2000c618</value>
      </symbol>
      <symbol id="sm-fc5">
         <name>edu_boosterpack_buttons_clear_callback</name>
         <value>0xada7</value>
         <object_component_ref idref="oc-4b"/>
      </symbol>
      <symbol id="sm-fc6">
         <name>PORT3_Handler</name>
         <value>0xadc3</value>
         <object_component_ref idref="oc-4b"/>
      </symbol>
      <symbol id="sm-fc7">
         <name>edu_boosterpack_buttons_set_callback</name>
         <value>0xad89</value>
         <object_component_ref idref="oc-4b"/>
      </symbol>
      <symbol id="sm-fc8">
         <name>edu_boosterpack_buttons_init</name>
         <value>0xaca1</value>
         <object_component_ref idref="oc-4b"/>
      </symbol>
      <symbol id="sm-fc9">
         <name>PORT5_IRQHandler</name>
         <value>0xade9</value>
         <object_component_ref idref="oc-4b"/>
      </symbol>
      <symbol id="sm-fe1">
         <name>edu_boosterpack_joystick_set_callback</name>
         <value>0xb94f</value>
         <object_component_ref idref="oc-3f"/>
      </symbol>
      <symbol id="sm-fe2">
         <name>edu_boosterpack_joystick_read</name>
         <value>0xb929</value>
         <object_component_ref idref="oc-3f"/>
      </symbol>
      <symbol id="sm-fe3">
         <name>ADC_Handler</name>
         <value>0xb967</value>
         <object_component_ref idref="oc-3f"/>
      </symbol>
      <symbol id="sm-fe4">
         <name>edu_boosterpack_joystick_clear_callback</name>
         <value>0xb95f</value>
         <object_component_ref idref="oc-3f"/>
      </symbol>
      <symbol id="sm-fe5">
         <name>edu_boosterpack_joystick_init</name>
         <value>0xb8ad</value>
         <object_component_ref idref="oc-3f"/>
      </symbol>
      <symbol id="sm-fe6">
         <name>edu_boosterpack_joystick_disable</name>
         <value>0xb935</value>
         <object_component_ref idref="oc-3f"/>
      </symbol>
      <symbol id="sm-ff3">
         <name>interrupts_restore</name>
         <value>0xc685</value>
         <object_component_ref idref="oc-1fa"/>
      </symbol>
      <symbol id="sm-ff4">
         <name>interrupts_disable</name>
         <value>0xc695</value>
         <object_component_ref idref="oc-1fa"/>
      </symbol>
      <symbol id="sm-104d">
         <name>board_buttons_clear_callback</name>
         <value>0x98e1</value>
         <object_component_ref idref="oc-45"/>
      </symbol>
      <symbol id="sm-104e">
         <name>PORT1_Handler</name>
         <value>0x9be3</value>
         <object_component_ref idref="oc-45"/>
      </symbol>
      <symbol id="sm-104f">
         <name>debug_off</name>
         <value>0x99a5</value>
         <object_component_ref idref="oc-45"/>
      </symbol>
      <symbol id="sm-1050">
         <name>led_on</name>
         <value>0x9905</value>
         <object_component_ref idref="oc-45"/>
      </symbol>
      <symbol id="sm-1051">
         <name>board_init</name>
         <value>0x989d</value>
         <object_component_ref idref="oc-45"/>
      </symbol>
      <symbol id="sm-1052">
         <name>led_toggle</name>
         <value>0x9955</value>
         <object_component_ref idref="oc-45"/>
      </symbol>
      <symbol id="sm-1053">
         <name>debug_on</name>
         <value>0x997d</value>
         <object_component_ref idref="oc-45"/>
      </symbol>
      <symbol id="sm-1054">
         <name>board_lock</name>
         <value>0x98b1</value>
         <object_component_ref idref="oc-45"/>
      </symbol>
      <symbol id="sm-1055">
         <name>debug_toggle</name>
         <value>0x99cd</value>
         <object_component_ref idref="oc-45"/>
      </symbol>
      <symbol id="sm-1056">
         <name>board_buttons_set_callback</name>
         <value>0x98bb</value>
         <object_component_ref idref="oc-45"/>
      </symbol>
      <symbol id="sm-1057">
         <name>led_off</name>
         <value>0x992d</value>
         <object_component_ref idref="oc-45"/>
      </symbol>
      <symbol id="sm-10a6">
         <name>uart_get_char</name>
         <value>0xaeb1</value>
         <object_component_ref idref="oc-39"/>
      </symbol>
      <symbol id="sm-10a7">
         <name>uart_init</name>
         <value>0xae2d</value>
         <object_component_ref idref="oc-39"/>
      </symbol>
      <symbol id="sm-10a8">
         <name>uart_put_char</name>
         <value>0xae83</value>
         <object_component_ref idref="oc-39"/>
      </symbol>
      <symbol id="sm-10a9">
         <name>EUSCIA0_IRQHandler</name>
         <value>0xaf11</value>
         <object_component_ref idref="oc-39"/>
      </symbol>
      <symbol id="sm-10aa">
         <name>uart_print</name>
         <value>0xaecf</value>
         <object_component_ref idref="oc-39"/>
      </symbol>
      <symbol id="sm-10d3">
         <name>scalbn</name>
         <value>0xb5a5</value>
         <object_component_ref idref="oc-501"/>
      </symbol>
      <symbol id="sm-10d4">
         <name>scalbnl</name>
         <value>0xb5a5</value>
         <object_component_ref idref="oc-501"/>
      </symbol>
      <symbol id="sm-10d5">
         <name>ldexpl</name>
         <value>0xb5a5</value>
         <object_component_ref idref="oc-501"/>
      </symbol>
      <symbol id="sm-10d6">
         <name>ldexp</name>
         <value>0xb5a5</value>
         <object_component_ref idref="oc-501"/>
      </symbol>
      <symbol id="sm-10fd">
         <name>sprintf</name>
         <value>0xc4d5</value>
         <object_component_ref idref="oc-274"/>
      </symbol>
      <symbol id="sm-110c">
         <name>__aeabi_memset</name>
         <value>0xc14f</value>
         <object_component_ref idref="oc-fb"/>
      </symbol>
      <symbol id="sm-110d">
         <name>memset</name>
         <value>0xc155</value>
         <object_component_ref idref="oc-fb"/>
      </symbol>
      <symbol id="sm-110e">
         <name>__aeabi_memset8</name>
         <value>0xc14f</value>
         <object_component_ref idref="oc-fb"/>
      </symbol>
      <symbol id="sm-110f">
         <name>__aeabi_memset4</name>
         <value>0xc14f</value>
         <object_component_ref idref="oc-fb"/>
      </symbol>
      <symbol id="sm-1110">
         <name>__aeabi_memclr8</name>
         <value>0xc14d</value>
         <object_component_ref idref="oc-fb"/>
      </symbol>
      <symbol id="sm-1111">
         <name>__aeabi_memclr4</name>
         <value>0xc14d</value>
         <object_component_ref idref="oc-fb"/>
      </symbol>
      <symbol id="sm-1112">
         <name>__aeabi_memclr</name>
         <value>0xc14d</value>
         <object_component_ref idref="oc-fb"/>
      </symbol>
      <symbol id="sm-1129">
         <name>__aeabi_dsub</name>
         <value>0xaae9</value>
         <object_component_ref idref="oc-4db"/>
      </symbol>
      <symbol id="sm-112a">
         <name>__aeabi_dadd</name>
         <value>0xaaf3</value>
         <object_component_ref idref="oc-4db"/>
      </symbol>
      <symbol id="sm-114c">
         <name>__aeabi_cdcmpeq</name>
         <value>0xc041</value>
         <object_component_ref idref="oc-431"/>
      </symbol>
      <symbol id="sm-114d">
         <name>__aeabi_cdcmple</name>
         <value>0xc041</value>
         <object_component_ref idref="oc-431"/>
      </symbol>
      <symbol id="sm-114e">
         <name>__aeabi_cdrcmple</name>
         <value>0xc0c7</value>
         <object_component_ref idref="oc-4c6"/>
      </symbol>
      <symbol id="sm-1162">
         <name>__aeabi_ddiv</name>
         <value>0xb0ed</value>
         <object_component_ref idref="oc-4c1"/>
      </symbol>
      <symbol id="sm-116d">
         <name>__aeabi_dmul</name>
         <value>0xb6b5</value>
         <object_component_ref idref="oc-4bc"/>
      </symbol>
      <symbol id="sm-117a">
         <name>__aeabi_i2d</name>
         <value>0xc631</value>
         <object_component_ref idref="oc-4d6"/>
      </symbol>
      <symbol id="sm-1195">
         <name>memcpy</name>
         <value>0xbf0f</value>
         <object_component_ref idref="oc-5f"/>
      </symbol>
      <symbol id="sm-1196">
         <name>__aeabi_memcpy</name>
         <value>0xbf0f</value>
         <object_component_ref idref="oc-5f"/>
      </symbol>
      <symbol id="sm-1197">
         <name>__aeabi_memcpy8</name>
         <value>0xbf0f</value>
         <object_component_ref idref="oc-5f"/>
      </symbol>
      <symbol id="sm-1198">
         <name>__aeabi_memcpy4</name>
         <value>0xbf0f</value>
         <object_component_ref idref="oc-5f"/>
      </symbol>
      <symbol id="sm-11b0">
         <name>__TI_zero_init</name>
         <value>0xc755</value>
         <object_component_ref idref="oc-71"/>
      </symbol>
      <symbol id="sm-11c7">
         <name>__TI_decompress_none</name>
         <value>0xc747</value>
         <object_component_ref idref="oc-1c"/>
      </symbol>
      <symbol id="sm-11ea">
         <name>__TI_decompress_lzss</name>
         <value>0xc235</value>
         <object_component_ref idref="oc-16"/>
      </symbol>
      <symbol id="sm-120f">
         <name>rand</name>
         <value>0xc5fd</value>
         <object_component_ref idref="oc-293"/>
      </symbol>
      <symbol id="sm-1210">
         <name>srand</name>
         <value>0xc661</value>
         <object_component_ref idref="oc-29e"/>
      </symbol>
      <symbol id="sm-1220">
         <name>strncpy</name>
         <value>0xc591</value>
         <object_component_ref idref="oc-26e"/>
      </symbol>
      <symbol id="sm-1236">
         <name>__aeabi_errno_addr</name>
         <value>0xc76d</value>
         <object_component_ref idref="oc-45a"/>
      </symbol>
      <symbol id="sm-1237">
         <name>errno</name>
         <value>0x2000c8ec</value>
         <object_component_ref idref="oc-517"/>
      </symbol>
      <symbol id="sm-124a">
         <name>__stack</name>
         <value>0x2000fe00</value>
         <object_component_ref idref="oc-25"/>
      </symbol>
      <symbol id="sm-124b">
         <name>_c_int00_noargs</name>
         <value>0xc5c9</value>
         <object_component_ref idref="oc-7d"/>
      </symbol>
      <symbol id="sm-1255">
         <name>copysign</name>
         <value>0xc6c3</value>
         <object_component_ref idref="oc-560"/>
      </symbol>
      <symbol id="sm-1256">
         <name>copysignl</name>
         <value>0xc6c3</value>
         <object_component_ref idref="oc-560"/>
      </symbol>
      <symbol id="sm-13bb">
         <name>__TI_printfi</name>
         <value>0x4af5</value>
         <object_component_ref idref="oc-394"/>
      </symbol>
      <symbol id="sm-13c5">
         <name>__aeabi_d2iz</name>
         <value>0xc449</value>
         <object_component_ref idref="oc-4cb"/>
      </symbol>
      <symbol id="sm-13d2">
         <name>__aeabi_uldivmod</name>
         <value>0xbfab</value>
         <object_component_ref idref="oc-4b5"/>
      </symbol>
      <symbol id="sm-13fa">
         <name>__TI_auto_init_nobinit_nopinit</name>
         <value>0xc491</value>
         <object_component_ref idref="oc-2b7"/>
      </symbol>
      <symbol id="sm-1404">
         <name>_system_pre_init</name>
         <value>0xc775</value>
         <object_component_ref idref="oc-169"/>
      </symbol>
      <symbol id="sm-1410">
         <name>C$$EXIT</name>
         <value>0xc779</value>
         <object_component_ref idref="oc-2ab"/>
      </symbol>
      <symbol id="sm-1411">
         <name>abort</name>
         <value>0xc779</value>
         <object_component_ref idref="oc-2ab"/>
      </symbol>
      <symbol id="sm-1426">
         <name>_nop</name>
         <value>0x4af3</value>
         <object_component_ref idref="oc-474"/>
      </symbol>
      <symbol id="sm-1427">
         <name>_lock</name>
         <value>0x2000c8d4</value>
         <object_component_ref idref="oc-3c1"/>
      </symbol>
      <symbol id="sm-1428">
         <name>_unlock</name>
         <value>0x2000c8d8</value>
         <object_component_ref idref="oc-3c1"/>
      </symbol>
      <symbol id="sm-1437">
         <name>__TI_ltoa</name>
         <value>0xc357</value>
         <object_component_ref idref="oc-4d0"/>
      </symbol>
      <symbol id="sm-144e">
         <name>atoi</name>
         <value>0xc3fd</value>
         <object_component_ref idref="oc-425"/>
      </symbol>
      <symbol id="sm-1459">
         <name>_ctypes_</name>
         <value>0xca74</value>
         <object_component_ref idref="oc-4b0"/>
      </symbol>
      <symbol id="sm-1469">
         <name>memccpy</name>
         <value>0xc6a7</value>
         <object_component_ref idref="oc-44e"/>
      </symbol>
      <symbol id="sm-1479">
         <name>strchr</name>
         <value>0xc70b</value>
         <object_component_ref idref="oc-507"/>
      </symbol>
      <symbol id="sm-1487">
         <name>strlen</name>
         <value>0xc721</value>
         <object_component_ref idref="oc-41f"/>
      </symbol>
      <symbol id="sm-149d">
         <name>frexpl</name>
         <value>0xc29d</value>
         <object_component_ref idref="oc-4fb"/>
      </symbol>
      <symbol id="sm-149e">
         <name>frexp</name>
         <value>0xc29d</value>
         <object_component_ref idref="oc-4fb"/>
      </symbol>
      <symbol id="sm-14b7">
         <name>wcslen</name>
         <value>0xc735</value>
         <object_component_ref idref="oc-454"/>
      </symbol>
      <symbol id="sm-14c1">
         <name>__aeabi_idiv0</name>
         <value>0x5543</value>
         <object_component_ref idref="oc-547"/>
      </symbol>
      <symbol id="sm-14c2">
         <name>__aeabi_ldiv0</name>
         <value>0x5543</value>
         <object_component_ref idref="oc-547"/>
      </symbol>
      <symbol id="sm-14c3">
         <name>__TI_static_base__</name>
         <value>0x0</value>
      </symbol>
      <symbol id="sm-14c6">
         <name>__mpu_init</name>
         <value>0x0</value>
      </symbol>
      <symbol id="sm-14c7">
         <name>_system_post_cinit</name>
         <value>0x0</value>
      </symbol>
   </symbol_table>
   <title>Link successful</title>
</link_info>
