******************************************************************************
                  TI ARM Linker PC v20.2.1                     
******************************************************************************
>> Linked Wed Dec  2 09:56:05 2020

OUTPUT FILE NAME:   <PRAC.out>
ENTRY POINT SYMBOL: "_c_int00_noargs"  address: 0000c5c9


MEMORY CONFIGURATION

         name            origin    length      used     unused   attr    fill
----------------------  --------  ---------  --------  --------  ----  --------
  MAIN                  00000000   00040000  0000ced0  00033130  R  X
  INFO                  00200000   00004000  00000000  00004000  R  X
  SRAM_CODE             01000000   00010000  00000000  00010000  RW X
  SRAM_DATA             20000000   00010000  0000caf6  0000350a  RW  


SEGMENT ALLOCATION MAP

run origin  load origin   length   init length attrs members
----------  ----------- ---------- ----------- ----- -------
00000000    00000000    0000ced0   0000ced0    r-x
  00000000    00000000    00000144   00000144    r-- .intvecs
  00000144    00000144    0000c638   0000c638    r-x .text
  0000c77c    0000c77c    0000066c   0000066c    r-- .const
  0000cde8    0000cde8    000000e8   000000e8    r-- .cinit
20000000    20000000    0000c8f8   00000000    rw-
  20000000    20000000    000000e4   00000000    rw- .vtable
  200000e4    200000e4    0000c55e   00000000    rw- .bss
  2000c644    2000c644    000002b4   00000000    rw- .data
2000fe00    2000fe00    00000200   00000000    rw-
  2000fe00    2000fe00    00000200   00000000    rw- .stack


SECTION ALLOCATION MAP

 output                                  attributes/
section   page    origin      length       input sections
--------  ----  ----------  ----------   ----------------
.intvecs   0    00000000    00000144     
                  00000000    00000144     msp432_startup_ccs.obj (.intvecs:retain)

.text      0    00000144    0000c638     
                  00000144    000019fc     tasks.obj (.text)
                  00001b40    00001598     flash.obj (.text)
                  000030d8    00000d7c     cs.obj (.text)
                  00003e54    00000c9e     queue.obj (.text)
                  00004af2    00000002     rtsv7M4_T_le_v4SPD16_eabi.lib : _lock.c.obj (.text:_nop)
                  00004af4    00000a4e                                   : _printfi.c.obj (.text:__TI_printfi)
                  00005542    00000002                                   : div0.asm.obj (.text)
                  00005544    000008d4     adc14.obj (.text)
                  00005e18    000008a4     spi.obj (.text)
                  000066bc    00000838     pcm.obj (.text)
                  00006ef4    000006dc     main.obj (.text)
                  000075d0    00000678     st7735.obj (.text)
                  00007c48    00000630     string.obj (.text)
                  00008278    00000508     rtc_c.obj (.text)
                  00008780    00000490     line.obj (.text)
                  00008c10    00000480     gpio.obj (.text)
                  00009090    0000041c     uart.obj (.text)
                  000094ac    000003f0     interrupt.obj (.text)
                  0000989c    000003b0     msp432_launchpad_board.obj (.text)
                  00009c4c    00000328     system_msp432p401r.obj (.text)
                  00009f74    00000288     port.obj (.text)
                  0000a1fc    00000270     rtsv7M4_T_le_v4SPD16_eabi.lib : _printfi.c.obj (.text:_pconv_a)
                  0000a46c    00000266     context.obj (.text)
                  0000a6d2    00000002     --HOLE-- [fill = 0]
                  0000a6d4    00000244     sysctl.obj (.text)
                  0000a918    000001d0     rtsv7M4_T_le_v4SPD16_eabi.lib : _printfi.c.obj (.text:_pconv_g)
                  0000aae8    000001b6                                   : fd_add_t2.asm.obj (.text)
                  0000ac9e    00000002     --HOLE-- [fill = 0]
                  0000aca0    0000018c     edu_boosterpack_buttons.obj (.text)
                  0000ae2c    00000184     uart_driver.obj (.text)
                  0000afb0    0000013c     rtsv7M4_T_le_v4SPD16_eabi.lib : _printfi.c.obj (.text:_pconv_e)
                  0000b0ec    00000136                                   : fd_div_t2.asm.obj (.text)
                  0000b222    00000134     display.obj (.text)
                  0000b356    0000012a     list.obj (.text)
                  0000b480    00000124     rtsv7M4_T_le_v4SPD16_eabi.lib : _printfi.c.obj (.text:fcvt)
                  0000b5a4    00000110                                   : s_scalbn.c.obj (.text:scalbn)
                  0000b6b4    000000fc                                   : fd_mul_t2.asm.obj (.text)
                  0000b7b0    000000fa     circ_buffer.obj (.text)
                  0000b8aa    00000002     --HOLE-- [fill = 0]
                  0000b8ac    000000f8     edu_boosterpack_joystick.obj (.text)
                  0000b9a4    000000d8     wdt_a.obj (.text)
                  0000ba7c    000000d2     portasm.obj (.text)
                  0000bb4e    00000002     --HOLE-- [fill = 0]
                  0000bb50    000000cc     ref_a.obj (.text)
                  0000bc1c    000000cc     st7735_msp432.obj (.text)
                  0000bce8    000000c0     fpu.obj (.text)
                  0000bda8    000000b4     heap_1.obj (.text)
                  0000be5c    000000b1     rtsv7M4_T_le_v4SPD16_eabi.lib : _printfi.c.obj (.text:_ltostr)
                  0000bf0d    00000001     --HOLE-- [fill = 0]
                  0000bf0e    0000009c                                   : memcpy_t2.asm.obj (.text)
                  0000bfaa    00000096                                   : ull_div_t2.asm.obj (.text)
                  0000c040    00000086                                   : fd_cmp_t2.asm.obj (.text:__aeabi_cdcmple)
                  0000c0c6    00000086                                   : fd_cmp_t2.asm.obj (.text:__aeabi_cdrcmple)
                  0000c14c    0000007a                                   : memset_t2.asm.obj (.text)
                  0000c1c6    0000006e                                   : _printfi.c.obj (.text:_mcpy)
                  0000c234    00000068                                   : copy_decompress_lzss.c.obj (.text:decompress:lzss:__TI_decompress_lzss)
                  0000c29c    00000064                                   : s_frexp.c.obj (.text:frexp)
                  0000c300    00000056                                   : _printfi.c.obj (.text:_pconv_f)
                  0000c356    00000054                                   : _ltoa.c.obj (.text:__TI_ltoa)
                  0000c3aa    00000052                                   : _printfi.c.obj (.text:_ecpy)
                  0000c3fc    0000004c                                   : atoi.c.obj (.text:atoi)
                  0000c448    00000048                                   : fd_toi_t2.asm.obj (.text)
                  0000c490    00000044                                   : autoinit.c.obj (.text:__TI_auto_init_nobinit_nopinit:__TI_auto_init_nobinit_nopinit)
                  0000c4d4    00000040                                   : sprintf.c.obj (.text:sprintf)
                  0000c514    0000003e                                   : _printfi.c.obj (.text:_fcpy)
                  0000c552    0000003e     cpu.obj (.text)
                  0000c590    00000036     rtsv7M4_T_le_v4SPD16_eabi.lib : strncpy.c.obj (.text:strncpy)
                  0000c5c6    00000002     --HOLE-- [fill = 0]
                  0000c5c8    00000034                                   : boot_cortex_m.c.obj (.text:_c_int00_noargs:_c_int00_noargs)
                  0000c5fc    00000034                                   : rand.c.obj (.text:rand)
                  0000c630    0000002e                                   : i_tofd_t2.asm.obj (.text)
                  0000c65e    00000002     --HOLE-- [fill = 0]
                  0000c660    00000024                                   : rand.c.obj (.text:srand)
                  0000c684    00000022     interrupts.obj (.text)
                  0000c6a6    0000001c     rtsv7M4_T_le_v4SPD16_eabi.lib : memccpy.c.obj (.text:memccpy)
                  0000c6c2    0000001a                                   : s_copysign.c.obj (.text:copysign)
                  0000c6dc    00000018                                   : sprintf.c.obj (.text:_outs)
                  0000c6f4    00000016     msp432_startup_ccs.obj (.text)
                  0000c70a    00000016     rtsv7M4_T_le_v4SPD16_eabi.lib : strchr.c.obj (.text:strchr)
                  0000c720    00000014                                   : strlen.c.obj (.text:strlen)
                  0000c734    00000012                                   : wcslen.c.obj (.text:wcslen)
                  0000c746    0000000e                                   : copy_decompress_none.c.obj (.text:decompress:none:__TI_decompress_none)
                  0000c754    0000000c                                   : copy_zero_init.c.obj (.text:decompress:ZI:__TI_zero_init)
                  0000c760    0000000a                                   : sprintf.c.obj (.text:_outc)
                  0000c76a    00000002     --HOLE-- [fill = 0]
                  0000c76c    00000008                                   : errno.c.obj (.text:__aeabi_errno_addr)
                  0000c774    00000004                                   : pre_init.c.obj (.text:_system_pre_init)
                  0000c778    00000004                                   : exit.c.obj (.text:abort:abort)

.const     0    0000c77c    0000066c     
                  0000c77c    000002f8     fontfixed6x8.obj (.const:.string:g_pucFontFixed6x8Data)
                  0000ca74    00000101     rtsv7M4_T_le_v4SPD16_eabi.lib : ctype.c.obj (.const:.string:_ctypes_)
                  0000cb75    00000003     --HOLE-- [fill = 0]
                  0000cb78    000000c8     fontfixed6x8.obj (.const:g_sFontFixed6x8)
                  0000cc40    00000080     adc14.obj (.const:_ctlRegs)
                  0000ccc0    00000050     interrupt.obj (.const:g_pulRegs)
                  0000cd10    0000002c     st7735.obj (.const:g_sCrystalfontz128x128)
                  0000cd3c    00000024     uart_driver.obj (.const:uart_config)
                  0000cd60    00000020     interrupt.obj (.const:g_pulPriority)
                  0000cd80    0000001c     st7735_msp432.obj (.const:$P$T0$1)
                  0000cd9c    0000001c     gpio.obj (.const:GPIO_PORT_TO_INT)
                  0000cdb8    00000008     st7735.obj (.const:$P$T0$1)
                  0000cdc0    00000008     interrupt.obj (.const:g_pulDisRegs)
                  0000cdc8    00000008     interrupt.obj (.const:g_pulEnRegs)
                  0000cdd0    00000008     interrupt.obj (.const:g_pulPendRegs)
                  0000cdd8    00000008     interrupt.obj (.const:g_pulUnpendRegs)
                  0000cde0    00000008     port.obj (.const)

.cinit     0    0000cde8    000000e8     
                  0000cde8    000000b4     (.cinit..data.load) [load image, compression = lzss]
                  0000ce9c    0000000c     (__TI_handler_table)
                  0000cea8    00000008     (.cinit..bss.load) [load image, compression = zero_init]
                  0000ceb0    00000008     (.cinit..vtable.load) [load image, compression = zero_init]
                  0000ceb8    00000018     (__TI_cinit_table)

.vtable    0    20000000    000000e4     UNINITIALIZED
                  20000000    000000e4     interrupt.obj (.vtable)

.bss       0    200000e4    0000c55e     UNINITIALIZED
                  200000e4    0000c000     heap_1.obj (.bss:ucHeap)
                  2000c0e4    00000200     uart_driver.obj (.bss:uart_rx_buffer)
                  2000c2e4    00000200     uart_driver.obj (.bss:uart_tx_buffer)
                  2000c4e4    0000008c     tasks.obj (.bss:pxReadyTasksLists)
                  2000c570    0000001c     main.obj (.bss:g_sContext)
                  2000c58c    00000014     tasks.obj (.bss:xDelayedTaskList1)
                  2000c5a0    00000014     tasks.obj (.bss:xDelayedTaskList2)
                  2000c5b4    00000014     tasks.obj (.bss:xPendingReadyList)
                  2000c5c8    00000014     tasks.obj (.bss:xSuspendedTaskList)
                  2000c5dc    00000014     tasks.obj (.bss:xTasksWaitingTermination)
                  2000c5f0    0000000c     uart_driver.obj (.bss:buffer_rx)
                  2000c5fc    0000000c     uart_driver.obj (.bss:buffer_tx)
                  2000c608    00000008     cs.obj (.bss)
                  2000c610    00000008     tasks.obj (.bss)
                  2000c618    00000008     (.common:results_buffer)
                  2000c620    00000004     uart_driver.obj (.bss)
                  2000c624    00000004     (.common:adc_callback_func)
                  2000c628    00000004     (.common:xButtonPressed)
                  2000c62c    00000004     (.common:xQueueADC)
                  2000c630    00000004     (.common:xQueueCommands)
                  2000c634    00000004     (.common:xTicks)
                  2000c638    00000002     (.common:Lcd_ScreenHeigth)
                  2000c63a    00000002     (.common:Lcd_ScreenWidth)
                  2000c63c    00000002     (.common:Lcd_TouchTrim)
                  2000c63e    00000001     (.common:Lcd_FlagRead)
                  2000c63f    00000001     (.common:Lcd_FontSolid)
                  2000c640    00000001     (.common:Lcd_Orientation)
                  2000c641    00000001     (.common:Lcd_PenSolid)

.data      0    2000c644    000002b4     UNINITIALIZED
                  2000c644    00000050     main.obj (.data:LCDL1)
                  2000c694    00000050     main.obj (.data:LCDL2)
                  2000c6e4    00000050     main.obj (.data:LCDL3)
                  2000c734    00000050     main.obj (.data:LCDL4)
                  2000c784    00000050     main.obj (.data:LCDL5)
                  2000c7d4    00000040     flash.obj (.data:__getBurstProgramRegs)
                  2000c814    00000034     tasks.obj (.data)
                  2000c848    00000030     gpio.obj (.data:GPIO_PORT_TO_BASE)
                  2000c878    00000018     edu_boosterpack_buttons.obj (.data:buttons)
                  2000c890    00000018     msp432_launchpad_board.obj (.data:buttons)
                  2000c8a8    00000010     msp432_launchpad_board.obj (.data:debug)
                  2000c8b8    00000010     msp432_launchpad_board.obj (.data:leds)
                  2000c8c8    0000000c     port.obj (.data)
                  2000c8d4    00000008     rtsv7M4_T_le_v4SPD16_eabi.lib : _lock.c.obj (.data:$O1$$)
                  2000c8dc    00000008     heap_1.obj (.data)
                  2000c8e4    00000005     main.obj (.data)
                  2000c8e9    00000003     --HOLE--
                  2000c8ec    00000004     rtsv7M4_T_le_v4SPD16_eabi.lib : errno.c.obj (.data)
                  2000c8f0    00000004                                   : rand.c.obj (.data)
                  2000c8f4    00000004     system_msp432p401r.obj (.data)

.stack     0    2000fe00    00000200     UNINITIALIZED
                  2000fe00    00000004     rtsv7M4_T_le_v4SPD16_eabi.lib : boot_cortex_m.c.obj (.stack)
                  2000fe04    000001fc     --HOLE--

__llvm_prf_cnts 
*          0    20000000    00000000     UNINITIALIZED

MODULE SUMMARY

       Module                              code    ro data   rw data
       ------                              ----    -------   -------
    .\
       main.obj                            1756    0         449    
       system_msp432p401r.obj              808     0         4      
       msp432_startup_ccs.obj              22      324       0      
    +--+-----------------------------------+-------+---------+---------+
       Total:                              2586    324       453    
                                                                    
    .\lib_PRAC\freertos\cortex-m4\
       port.obj                            648     8         12     
       portasm.obj                         210     0         0      
    +--+-----------------------------------+-------+---------+---------+
       Total:                              858     8         12     
                                                                    
    .\lib_PRAC\freertos\src\
       heap_1.obj                          180     0         49160  
       tasks.obj                           6652    0         300    
       queue.obj                           3230    0         0      
       list.obj                            298     0         0      
    +--+-----------------------------------+-------+---------+---------+
       Total:                              10360   0         49460  
                                                                    
    .\lib_PRAC\graphics\
       string.obj                          1584    0         0      
       line.obj                            1168    0         0      
       fontfixed6x8.obj                    0       960       0      
       context.obj                         614     0         0      
       display.obj                         308     0         0      
    +--+-----------------------------------+-------+---------+---------+
       Total:                              3674    960       0      
                                                                    
    .\lib_PRAC\msp432\
       flash.obj                           5528    0         64     
       cs.obj                              3452    0         8      
       adc14.obj                           2260    128       0      
       spi.obj                             2212    0         0      
       pcm.obj                             2104    0         0      
       interrupt.obj                       1008    144       228    
       rtc_c.obj                           1288    0         0      
       gpio.obj                            1152    28        48     
       uart.obj                            1052    0         0      
       sysctl.obj                          580     0         0      
       wdt_a.obj                           216     0         0      
       ref_a.obj                           204     0         0      
       fpu.obj                             192     0         0      
       cpu.obj                             62      0         0      
    +--+-----------------------------------+-------+---------+---------+
       Total:                              21310   300       348    
                                                                    
    .\lib_PRAC\screen\
       st7735.obj                          1656    52        10     
       st7735_msp432.obj                   204     28        0      
    +--+-----------------------------------+-------+---------+---------+
       Total:                              1860    80        10     
                                                                    
    .\lib_PRAC\uoc\
       uart_driver.obj                     388     36        1052   
       msp432_launchpad_board.obj          944     0         56     
       edu_boosterpack_buttons.obj         396     0         24     
       circ_buffer.obj                     250     0         0      
       edu_boosterpack_joystick.obj        248     0         0      
       interrupts.obj                      34      0         0      
       edu_boosterpack_accelerometer.obj   0       0         12     
    +--+-----------------------------------+-------+---------+---------+
       Total:                              2260    36        1144   
                                                                    
    F:\ccs\ccs\tools\compiler\ti-cgt-arm_20.2.1.LTS\lib\rtsv7M4_T_le_v4SPD16_eabi.lib
       _printfi.c.obj                      4851    0         0      
       fd_add_t2.asm.obj                   438     0         0      
       fd_div_t2.asm.obj                   310     0         0      
       s_scalbn.c.obj                      272     0         0      
       fd_cmp_t2.asm.obj                   268     0         0      
       ctype.c.obj                         0       257       0      
       fd_mul_t2.asm.obj                   252     0         0      
       memcpy_t2.asm.obj                   156     0         0      
       ull_div_t2.asm.obj                  150     0         0      
       memset_t2.asm.obj                   122     0         0      
       copy_decompress_lzss.c.obj          104     0         0      
       s_frexp.c.obj                       100     0         0      
       sprintf.c.obj                       98      0         0      
       rand.c.obj                          88      0         4      
       _ltoa.c.obj                         84      0         0      
       atoi.c.obj                          76      0         0      
       fd_toi_t2.asm.obj                   72      0         0      
       autoinit.c.obj                      68      0         0      
       strncpy.c.obj                       54      0         0      
       boot_cortex_m.c.obj                 52      0         0      
       i_tofd_t2.asm.obj                   46      0         0      
       memccpy.c.obj                       28      0         0      
       s_copysign.c.obj                    26      0         0      
       strchr.c.obj                        22      0         0      
       strlen.c.obj                        20      0         0      
       wcslen.c.obj                        18      0         0      
       copy_decompress_none.c.obj          14      0         0      
       copy_zero_init.c.obj                12      0         0      
       errno.c.obj                         8       0         4      
       _lock.c.obj                         2       0         8      
       exit.c.obj                          4       0         0      
       pre_init.c.obj                      4       0         0      
       div0.asm.obj                        2       0         0      
    +--+-----------------------------------+-------+---------+---------+
       Total:                              7821    257       16     
                                                                    
       Stack:                              0       0         512    
       Linker Generated:                   0       232       0      
    +--+-----------------------------------+-------+---------+---------+
       Grand Total:                        50729   2197      51955  


LINKER GENERATED COPY TABLES

__TI_cinit_table @ 0000ceb8 records: 3, size/record: 8, table size: 24
	.data: load addr=0000cde8, load size=000000b4 bytes, run addr=2000c644, run size=000002b4 bytes, compression=lzss
	.bss: load addr=0000cea8, load size=00000008 bytes, run addr=200000e4, run size=0000c55e bytes, compression=zero_init
	.vtable: load addr=0000ceb0, load size=00000008 bytes, run addr=20000000, run size=000000e4 bytes, compression=zero_init


LINKER GENERATED HANDLER TABLE

__TI_handler_table @ 0000ce9c records: 3, size/record: 4, table size: 12
	index: 0, handler: __TI_zero_init
	index: 1, handler: __TI_decompress_lzss
	index: 2, handler: __TI_decompress_none


GLOBAL SYMBOLS: SORTED ALPHABETICALLY BY Name 

address   name                                         
-------   ----                                         
00005d91  ADC14_clearInterruptFlag                     
00005939  ADC14_configureConversionMemory              
000057e1  ADC14_configureMultiSequenceMode             
00005877  ADC14_configureSingleSampleMode              
00005a71  ADC14_disableComparatorWindow                
0000590f  ADC14_disableConversion                      
00005d0f  ADC14_disableInterrupt                       
000056b5  ADC14_disableModule                          
00005c8f  ADC14_disableReferenceBurst                  
000056f5  ADC14_disableSampleTimer                     
000059e1  ADC14_enableComparatorWindow                 
000058cd  ADC14_enableConversion                       
00005ce7  ADC14_enableInterrupt                        
000056ad  ADC14_enableModule                           
00005c79  ADC14_enableReferenceBurst                   
000056cb  ADC14_enableSampleTimer                      
00005d5b  ADC14_getEnabledInterruptStatus              
00005d37  ADC14_getInterruptStatus                     
00005b99  ADC14_getMultiSequenceResult                 
0000576b  ADC14_getResolution                          
00005b7f  ADC14_getResult                              
00005c05  ADC14_getResultArray                         
0000570b  ADC14_initModule                             
0000591b  ADC14_isBusy                                 
00005dbd  ADC14_registerInterrupt                      
00005acf  ADC14_setComparatorWindowValue               
00005ca5  ADC14_setPowerMode                           
00005751  ADC14_setResolution                          
00005b55  ADC14_setResultFormat                        
000057b7  ADC14_setSampleHoldTime                      
00005775  ADC14_setSampleHoldTrigger                   
000058ed  ADC14_toggleConversionTrigger                
00005dd1  ADC14_unregisterInterrupt                    
0000b967  ADC_Handler                                  
0000c779  C$$EXIT                                      
0000c587  CPU_basepriGet                               
0000c579  CPU_basepriSet                               
0000c553  CPU_cpsid                                    
0000c569  CPU_cpsie                                    
0000c55f  CPU_primask                                  
0000c575  CPU_wfi                                      
00003dd9  CS_clearInterruptFlag                        
00003681  CS_disableClockRequest                       
00003767  CS_disableDCOExternalResistor                
00003cad  CS_disableFaultCounter                       
00003d97  CS_disableInterrupt                          
00003659  CS_enableClockRequest                        
000036c9  CS_enableDCOExternalResistor                 
00003c81  CS_enableFaultCounter                        
00003d75  CS_enableInterrupt                           
00003c19  CS_getACLK                                   
00003bd9  CS_getBCLK                                   
00003861  CS_getDCOFrequency                           
00003dbf  CS_getEnabledInterruptStatus                 
00003bf5  CS_getHSMCLK                                 
00003db9  CS_getInterruptStatus                        
00003c5f  CS_getMCLK                                   
00003c3d  CS_getSMCLK                                  
00003379  CS_initClockSignal                           
00003dfb  CS_registerInterrupt                         
00003cd9  CS_resetFaultCounter                         
00003785  CS_setDCOCenteredFrequency                   
000036f1  CS_setDCOExternalResistorCalibration         
00003a01  CS_setDCOFrequency                           
0000333d  CS_setExternalClockSourceFrequency           
000036a3  CS_setReferenceOscillatorFrequency           
00003d25  CS_startFaultCounter                         
0000347d  CS_startHFXT                                 
000034a1  CS_startHFXTWithTimeout                      
00003565  CS_startLFXT                                 
00003589  CS_startLFXTWithTimeout                      
000037bd  CS_tuneDCOFrequency                          
00003e0f  CS_unregisterInterrupt                       
000075d1  Crystalfontz128x128_Init                     
000076e5  Crystalfontz128x128_SetDrawFrame             
00007813  Crystalfontz128x128_SetOrientation           
0000af11  EUSCIA0_IRQHandler                           
00006587  EUSCI_A_SPI_changeClockPhasePolarity         
0000663b  EUSCI_A_SPI_clearInterruptFlag               
0000666b  EUSCI_A_SPI_disable                          
00006609  EUSCI_A_SPI_disableInterrupt                 
00006655  EUSCI_A_SPI_enable                           
000065ef  EUSCI_A_SPI_enableInterrupt                  
00006623  EUSCI_A_SPI_getInterruptStatus               
00006681  EUSCI_A_SPI_getReceiveBufferAddressForDMA    
0000668f  EUSCI_A_SPI_getTransmitBufferAddressForDMA   
0000669d  EUSCI_A_SPI_isBusy                           
00006507  EUSCI_A_SPI_masterChangeClock                
000065df  EUSCI_A_SPI_receiveData                      
000064e7  EUSCI_A_SPI_select4PinFunctionality          
0000653d  EUSCI_A_SPI_slaveInit                        
000065c9  EUSCI_A_SPI_transmitData                     
000063b9  EUSCI_B_SPI_changeClockPhasePolarity         
0000646d  EUSCI_B_SPI_clearInterruptFlag               
0000649d  EUSCI_B_SPI_disable                          
0000643b  EUSCI_B_SPI_disableInterrupt                 
00006487  EUSCI_B_SPI_enable                           
00006421  EUSCI_B_SPI_enableInterrupt                  
00006455  EUSCI_B_SPI_getInterruptStatus               
000064b3  EUSCI_B_SPI_getReceiveBufferAddressForDMA    
000064c1  EUSCI_B_SPI_getTransmitBufferAddressForDMA   
000064cf  EUSCI_B_SPI_isBusy                           
0000633d  EUSCI_B_SPI_masterChangeClock                
00006411  EUSCI_B_SPI_receiveData                      
0000631d  EUSCI_B_SPI_select4PinFunctionality          
0000636f  EUSCI_B_SPI_slaveInit                        
000063fb  EUSCI_B_SPI_transmitData                     
0000bcfb  FPU_disableModule                            
0000bd27  FPU_disableStacking                          
0000bd1b  FPU_enableLazyStacking                       
0000bce9  FPU_enableModule                             
0000bd09  FPU_enableStacking                           
0000bd67  FPU_setFlushToZeroMode                       
0000bd33  FPU_setHalfPrecisionMode                     
0000bd4d  FPU_setNaNMode                               
0000bd81  FPU_setRoundingMode                          
00002b87  FlashCtl_clearInterruptFlag                  
00002a4b  FlashCtl_clearProgramVerification            
00002b5d  FlashCtl_disableInterrupt                    
000020bd  FlashCtl_disableReadBuffering                
00002ab5  FlashCtl_disableWordProgramming              
00002b49  FlashCtl_enableInterrupt                     
00002069  FlashCtl_enableReadBuffering                 
00002a85  FlashCtl_enableWordProgramming               
000026e9  FlashCtl_eraseSector                         
00002b77  FlashCtl_getEnabledInterruptStatus           
00002b71  FlashCtl_getInterruptStatus                  
00001ceb  FlashCtl_getMemoryInfo                       
0000254d  FlashCtl_getReadMode                         
00002b1b  FlashCtl_getWaitState                        
00002577  FlashCtl_initiateMassErase                   
0000280d  FlashCtl_initiateSectorErase                 
000021ed  FlashCtl_isSectorProtected                   
00002abd  FlashCtl_isWordProgrammingEnabled            
0000259d  FlashCtl_performMassErase                    
000028a5  FlashCtl_programMemory                       
0000218d  FlashCtl_protectSector                       
00002b9b  FlashCtl_registerInterrupt                   
00002a11  FlashCtl_setProgramVerification              
000024e1  FlashCtl_setReadMode                         
00002add  FlashCtl_setWaitState                        
0000211d  FlashCtl_unprotectSector                     
00002baf  FlashCtl_unregisterInterrupt                 
00002279  FlashCtl_verifyMemory                        
00008f33  GPIO_clearInterruptFlag                      
00008ef3  GPIO_disableInterrupt                        
00008ed1  GPIO_enableInterrupt                         
00008f8b  GPIO_getEnabledInterruptStatus               
00008ea3  GPIO_getInputPinValue                        
00008f15  GPIO_getInterruptStatus                      
00008f55  GPIO_interruptEdgeSelect                     
0000904b  GPIO_registerInterrupt                       
00008c4b  GPIO_setAsInputPin                           
00008dff  GPIO_setAsInputPinWithPullDownResistor       
00008e51  GPIO_setAsInputPinWithPullUpResistor         
00008c11  GPIO_setAsOutputPin                          
00008d15  GPIO_setAsPeripheralModuleFunctionInputPin   
00008c91  GPIO_setAsPeripheralModuleFunctionOutputPin  
00009007  GPIO_setDriveStrengthHigh                    
00009029  GPIO_setDriveStrengthLow                     
00008d99  GPIO_setOutputHighOnPin                      
00008dbb  GPIO_setOutputLowOnPin                       
00008ddd  GPIO_toggleOutputOnPin                       
0000906b  GPIO_unregisterInterrupt                     
0000a659  Graphics_clearDisplay                        
0000b33f  Graphics_clearDisplayOnDisplay               
0000b291  Graphics_drawHorizontalLineOnDisplay         
00008a9d  Graphics_drawLine                            
00008781  Graphics_drawLineH                           
0000881d  Graphics_drawLineV                           
0000b24d  Graphics_drawMultiplePixelsOnDisplay         
0000a66b  Graphics_drawPixel                           
0000b223  Graphics_drawPixelOnDisplay                  
00007d83  Graphics_drawString                          
00008211  Graphics_drawStringCentered                  
0000b2c5  Graphics_drawVerticalLineOnDisplay           
0000b2f9  Graphics_fillRectangleOnDisplay              
0000a64b  Graphics_flushBuffer                         
0000b32d  Graphics_flushOnDisplay                      
0000a62d  Graphics_getDisplayHeight                    
0000a61d  Graphics_getDisplayWidth                     
0000a5cb  Graphics_getFontBaseline                     
0000a601  Graphics_getFontHeight                       
0000a60f  Graphics_getFontMaxWidth                     
0000a63d  Graphics_getHeightOfDisplay                  
00008201  Graphics_getStringBaseline                   
00008259  Graphics_getStringHeight                     
00008269  Graphics_getStringMaxWidth                   
00007c89  Graphics_getStringWidth                      
0000a6c5  Graphics_getWidthOfDisplay                   
0000a46d  Graphics_initContext                         
0000a581  Graphics_setBackgroundColor                  
0000a59b  Graphics_setBackgroundColorTranslated        
0000a4b7  Graphics_setClipRegion                       
0000a5b1  Graphics_setFont                             
0000a5d9  Graphics_setForegroundColor                  
0000a5ef  Graphics_setForegroundColorTranslated        
0000b317  Graphics_translateColorOnDisplay             
0000bc1d  HAL_LCD_PortInit                             
0000bc4d  HAL_LCD_SpiInit                              
0000bc83  HAL_LCD_writeCommand                         
0000bcb9  HAL_LCD_writeData                            
00006f13  InitializeLCD                                
0000966f  Interrupt_disableInterrupt                   
000094bf  Interrupt_disableMaster                      
0000986d  Interrupt_disableSleepOnIsrExit              
000095fd  Interrupt_enableInterrupt                    
000094af  Interrupt_enableMaster                       
0000985b  Interrupt_enableSleepOnIsrExit               
000095d7  Interrupt_getPriority                        
0000954f  Interrupt_getPriorityGrouping                
0000983b  Interrupt_getPriorityMask                    
00009855  Interrupt_getVectorTableAddress              
000096e1  Interrupt_isEnabled                          
0000976d  Interrupt_pendInterrupt                      
000094cf  Interrupt_registerInterrupt                  
00009587  Interrupt_setPriority                        
00009535  Interrupt_setPriorityGrouping                
0000982b  Interrupt_setPriorityMask                    
00009845  Interrupt_setVectorTableAddress              
000097dd  Interrupt_unpendInterrupt                    
00009521  Interrupt_unregisterInterrupt                
2000c644  LCDL1                                        
2000c694  LCDL2                                        
2000c6e4  LCDL3                                        
2000c734  LCDL4                                        
2000c784  LCDL5                                        
2000c63e  Lcd_FlagRead                                 
2000c63f  Lcd_FontSolid                                
2000c640  Lcd_Orientation                              
2000c641  Lcd_PenSolid                                 
2000c638  Lcd_ScreenHeigth                             
2000c63a  Lcd_ScreenWidth                              
2000c63c  Lcd_TouchTrim                                
00006e97  PCM_clearInterruptFlag                       
00006e6d  PCM_disableInterrupt                         
00006e45  PCM_disableRudeMode                          
00006e59  PCM_enableInterrupt                          
00006e33  PCM_enableRudeMode                           
0000683f  PCM_getCoreVoltageLevel                      
00006e87  PCM_getEnabledInterruptStatus                
00006e81  PCM_getInterruptStatus                       
000067e5  PCM_getPowerMode                             
00006e27  PCM_getPowerState                            
00006d59  PCM_gotoLPM0                                 
00006d77  PCM_gotoLPM0InterruptSafe                    
00006d93  PCM_gotoLPM3                                 
00006e0b  PCM_gotoLPM3InterruptSafe                    
00006d2d  PCM_gotoLPM4                                 
00006d3d  PCM_gotoLPM4InterruptSafe                    
00006eab  PCM_registerInterrupt                        
000067b3  PCM_setCoreVoltageLevel                      
000067d5  PCM_setCoreVoltageLevelNonBlocking           
000067c3  PCM_setCoreVoltageLevelWithTimeout           
000069e5  PCM_setPowerMode                             
000069f5  PCM_setPowerModeNonBlocking                  
00006a05  PCM_setPowerModeWithTimeout                  
00006cb7  PCM_setPowerState                            
00006cd9  PCM_setPowerStateNonBlocking                 
00006cc7  PCM_setPowerStateWithTimeout                 
00006ce9  PCM_shutdownDevice                           
00006ebf  PCM_unregisterInterrupt                      
00009be3  PORT1_Handler                                
0000adc3  PORT3_Handler                                
0000ade9  PORT5_IRQHandler                             
0000bb93  REF_A_disableReferenceVoltage                
0000bb83  REF_A_disableReferenceVoltageOutput          
0000bb6b  REF_A_disableTempSensor                      
0000bb8b  REF_A_enableReferenceVoltage                 
0000bb7b  REF_A_enableReferenceVoltageOutput           
0000bb73  REF_A_enableTempSensor                       
0000bb9b  REF_A_getBandgapMode                         
0000bbc9  REF_A_getBufferedBandgapVoltageStatus        
0000bbd5  REF_A_getVariableReferenceVoltageStatus      
0000bba5  REF_A_isBandgapActive                        
0000bbbd  REF_A_isRefGenActive                         
0000bbb1  REF_A_isRefGenBusy                           
0000bbe9  REF_A_setBufferedBandgapVoltageOneTimeTrigger
0000bb51  REF_A_setReferenceVoltage                    
0000bbe1  REF_A_setReferenceVoltageOneTimeTrigger      
000086d5  RTC_C_clearInterruptFlag                     
0000851f  RTC_C_convertBCDToBinary                     
00008537  RTC_C_convertBinaryToBCD                     
0000847b  RTC_C_definePrescaleEvent                    
000085a5  RTC_C_disableInterrupt                       
0000854f  RTC_C_enableInterrupt                        
000083ad  RTC_C_getCalendarTime                        
00008675  RTC_C_getEnabledInterruptStatus              
0000860d  RTC_C_getInterruptStatus                     
000084a3  RTC_C_getPrescaleValue                       
00008297  RTC_C_holdClock                              
0000833b  RTC_C_initCalendar                           
0000871b  RTC_C_registerInterrupt                      
00008413  RTC_C_setCalendarAlarm                       
0000844b  RTC_C_setCalendarEvent                       
000082e5  RTC_C_setCalibrationData                     
000082b5  RTC_C_setCalibrationFrequency                
000084cf  RTC_C_setPrescaleValue                       
00008311  RTC_C_setTemperatureCompensation             
00008279  RTC_C_startClock                             
00008739  RTC_C_unregisterInterrupt                    
00005fdb  SPI_changeClockPhasePolarity                 
00005f35  SPI_changeMasterClock                        
0000618d  SPI_clearInterruptFlag                       
0000610f  SPI_disableInterrupt                         
00006069  SPI_disableModule                            
000060e9  SPI_enableInterrupt                          
0000604d  SPI_enableModule                             
0000615d  SPI_getEnabledInterruptStatus                
00006135  SPI_getInterruptStatus                       
00006085  SPI_getReceiveBufferAddressForDMA            
000060a1  SPI_getTransmitBufferAddressForDMA           
00005e49  SPI_initMaster                               
00005f5d  SPI_initSlave                                
000060cd  SPI_isBusy                                   
00006031  SPI_receiveData                              
000061b3  SPI_registerInterrupt                        
00005f0f  SPI_selectFourPinFunctionality               
0000600b  SPI_transmitData                             
00006271  SPI_unregisterInterrupt                      
0000a8c7  SysCtl_disableGlitchFilter                   
0000a757  SysCtl_disableNMISource                      
0000a85f  SysCtl_disablePeripheralAtCPUHalt            
0000a7a1  SysCtl_disableSRAMBank                       
0000a825  SysCtl_disableSRAMBankRetention              
0000a8bb  SysCtl_enableGlitchFilter                    
0000a76b  SysCtl_enableNMISource                       
0000a84b  SysCtl_enablePeripheralAtCPUHalt             
0000a785  SysCtl_enableSRAMBank                        
0000a809  SysCtl_enableSRAMBankRetention               
0000a751  SysCtl_getFlashSize                          
0000a77f  SysCtl_getNMISourceStatus                    
0000a74b  SysCtl_getSRAMSize                           
0000a6d5  SysCtl_getTLVInfo                            
0000a8d3  SysCtl_getTempCalibrationConstant            
0000a841  SysCtl_rebootDevice                          
0000a897  SysCtl_setWDTPasswordViolationResetType      
0000a873  SysCtl_setWDTTimeoutResetType                
2000c8f4  SystemCoreClock                              
00009c4d  SystemCoreClockUpdate                        
00009ec1  SystemInit                                   
000093a5  UART_clearInterruptFlag                      
000092fd  UART_disableInterrupt                        
000091df  UART_disableModule                           
000092cd  UART_enableInterrupt                         
000091c9  UART_enableModule                            
00009349  UART_getEnabledInterruptStatus               
0000932d  UART_getInterruptStatus                      
00009295  UART_getReceiveBufferAddressForDMA           
000092a3  UART_getTransmitBufferAddressForDMA          
00009091  UART_initModule                              
000091f5  UART_queryStatusFlags                        
000091a3  UART_receiveData                             
000093c5  UART_registerInterrupt                       
0000921d  UART_resetDormant                            
000092b1  UART_selectDeglitchTime                      
00009209  UART_setDormant                              
00009231  UART_transmitAddress                         
0000924f  UART_transmitBreak                           
00009179  UART_transmitData                            
00009441  UART_unregisterInterrupt                     
4000480c  WDTCTL_SYM                                   
0000b9e5  WDT_A_clearTimer                             
0000b9a5  WDT_A_holdTimer                              
0000ba21  WDT_A_initIntervalTimer                      
0000ba05  WDT_A_initWatchdogTimer                      
0000ba55  WDT_A_registerInterrupt                      
0000ba3d  WDT_A_setPasswordViolationReset              
0000ba49  WDT_A_setTimeoutReset                        
0000b9c5  WDT_A_startTimer                             
0000ba69  WDT_A_unregisterInterrupt                    
00002fb3  __FlashCtl_remaskBurstDataPost               
00002e99  __FlashCtl_remaskBurstDataPre                
00002cdd  __FlashCtl_remaskData32Post                  
00002dc1  __FlashCtl_remaskData32Pre                   
00002bbf  __FlashCtl_remaskData8Post                   
00002c3f  __FlashCtl_remaskData8Pre                    
20010000  __STACK_END                                  
00000200  __STACK_SIZE                                 
0000ceb8  __TI_CINIT_Base                              
0000ced0  __TI_CINIT_Limit                             
0000ce9c  __TI_Handler_Table_Base                      
0000cea8  __TI_Handler_Table_Limit                     
0000c491  __TI_auto_init_nobinit_nopinit               
0000c235  __TI_decompress_lzss                         
0000c747  __TI_decompress_none                         
0000c357  __TI_ltoa                                    
ffffffff  __TI_pprof_out_hndl                          
00004af5  __TI_printfi                                 
ffffffff  __TI_prof_data_size                          
ffffffff  __TI_prof_data_start                         
00000000  __TI_static_base__                           
0000c755  __TI_zero_init                               
0000c041  __aeabi_cdcmpeq                              
0000c041  __aeabi_cdcmple                              
0000c0c7  __aeabi_cdrcmple                             
0000c449  __aeabi_d2iz                                 
0000aaf3  __aeabi_dadd                                 
0000b0ed  __aeabi_ddiv                                 
0000b6b5  __aeabi_dmul                                 
0000aae9  __aeabi_dsub                                 
0000c76d  __aeabi_errno_addr                           
0000c631  __aeabi_i2d                                  
00005543  __aeabi_idiv0                                
00005543  __aeabi_ldiv0                                
0000c14d  __aeabi_memclr                               
0000c14d  __aeabi_memclr4                              
0000c14d  __aeabi_memclr8                              
0000bf0f  __aeabi_memcpy                               
0000bf0f  __aeabi_memcpy4                              
0000bf0f  __aeabi_memcpy8                              
0000c14f  __aeabi_memset                               
0000c14f  __aeabi_memset4                              
0000c14f  __aeabi_memset8                              
0000bfab  __aeabi_uldivmod                             
ffffffff  __binit__                                    
ffffffff  __c_args__                                   
UNDEFED   __mpu_init                                   
2000fe00  __stack                                      
20000000  __start___llvm_prf_cnts                      
20000000  __stop___llvm_prf_cnts                       
0000c5c9  _c_int00_noargs                              
0000ca74  _ctypes_                                     
2000c8d4  _lock                                        
00004af3  _nop                                         
UNDEFED   _system_post_cinit                           
0000c775  _system_pre_init                             
2000c8d8  _unlock                                      
0000c779  abort                                        
2000c624  adc_callback_func                            
0000c3fd  atoi                                         
ffffffff  binit                                        
000098e1  board_buttons_clear_callback                 
000098bb  board_buttons_set_callback                   
0000989d  board_init                                   
000098b1  board_lock                                   
00007349  buttonCallback                               
00007315  callback                                     
0000b7b1  circ_buffer_init                             
0000b845  circ_buffer_is_empty                         
0000b865  circ_buffer_is_full                          
0000b80d  circ_buffer_pop                              
0000b7db  circ_buffer_push                             
0000c6c3  copysign                                     
0000c6c3  copysignl                                    
000099a5  debug_off                                    
0000997d  debug_on                                     
000099cd  debug_toggle                                 
0000056d  eTaskGetState                                
0000ada7  edu_boosterpack_buttons_clear_callback       
0000aca1  edu_boosterpack_buttons_init                 
0000ad89  edu_boosterpack_buttons_set_callback         
0000b95f  edu_boosterpack_joystick_clear_callback      
0000b935  edu_boosterpack_joystick_disable             
0000b8ad  edu_boosterpack_joystick_init                
0000b929  edu_boosterpack_joystick_read                
0000b94f  edu_boosterpack_joystick_set_callback        
2000c8ec  errno                                        
2000c8e6  firstInitialization                          
0000c29d  frexp                                        
0000c29d  frexpl                                       
20000000  g_pfnRAMVectors                              
0000cd10  g_sCrystalfontz128x128                       
0000cb78  g_sFontFixed6x8                              
000072c9  getMessageWinner                             
00007201  getMove                                      
2000c8e7  ignoreNextReading                            
00000000  interruptVectors                             
0000c695  interrupts_disable                           
0000c685  interrupts_restore                           
0000b5a5  ldexp                                        
0000b5a5  ldexpl                                       
0000992d  led_off                                      
00009905  led_on                                       
00009955  led_toggle                                   
2000c8e5  machine_play                                 
00007401  main                                         
0000c6a7  memccpy                                      
0000bf0f  memcpy                                       
0000c155  memset                                       
2000c8e4  my_play                                      
00000b41  pcTaskGetName                                
000071b5  printString                                  
0000bda9  pvPortMalloc                                 
000015c5  pvTaskIncrementMutexHeldCount                
2000c814  pxCurrentTCB                                 
00009f75  pxPortInitialiseStack                        
0000c5fd  rand                                         
0000717b  restartGame                                  
2000c618  results_buffer                               
0000b5a5  scalbn                                       
0000b5a5  scalbnl                                      
0000c4d5  sprintf                                      
0000c661  srand                                        
0000c70b  strchr                                       
0000c721  strlen                                       
0000c591  strncpy                                      
0000aeb1  uart_get_char                                
0000ae2d  uart_init                                    
0000aecf  uart_print                                   
0000ae83  uart_put_char                                
00004895  ucQueueGetQueueType                          
0000cde0  ulMaxSyscallInterruptPriority                
0000ba8d  ulPortGetIPSR                                
000015dd  ulTaskNotifyTake                             
2000c8e8  useLotId                                     
0000b439  uxListRemove                                 
00004875  uxQueueGetQueueNumber                        
000047cd  uxQueueMessagesWaiting                       
0000482b  uxQueueMessagesWaitingFromISR                
000047f7  uxQueueSpacesAvailable                       
00000b35  uxTaskGetNumberOfTasks                       
00000b85  uxTaskGetSystemState                         
000010fb  uxTaskGetTaskNumber                          
00000609  uxTaskPriorityGet                            
00000635  uxTaskPriorityGetFromISR                     
000015a3  uxTaskResetEventItemValue                    
0000b357  vListInitialise                              
0000b387  vListInitialiseItem                          
0000b3d3  vListInsert                                  
0000b397  vListInsertEnd                               
0000bb41  vPortEnableVFP                               
0000a095  vPortEndScheduler                            
0000a0b9  vPortEnterCritical                           
0000a0fb  vPortExitCritical                            
0000be19  vPortFree                                    
0000be3d  vPortInitialiseBlocks                        
0000bb05  vPortSVCHandler                              
0000a14d  vPortSetupTimerInterrupt                     
0000bb25  vPortStartFirstTask                          
0000a167  vPortValidateInterruptPriority               
00004851  vQueueDelete                                 
00004883  vQueueSetQueueNumber                         
00000505  vTaskDelay                                   
00000423  vTaskDelayUntil                              
00000359  vTaskDelete                                  
000009d5  vTaskEndScheduler                            
0000120d  vTaskGetInfo                                 
000010f3  vTaskMissedYield                             
0000195b  vTaskNotifyGiveFromISR                       
00000e2b  vTaskPlaceOnEventList                        
00000e65  vTaskPlaceOnUnorderedEventList               
00001411  vTaskPriorityInherit                         
0000067d  vTaskPrioritySet                             
000008db  vTaskResume                                  
0000111b  vTaskSetTaskNumber                           
0000101d  vTaskSetTimeOutState                         
0000096d  vTaskStartScheduler                          
000007b1  vTaskSuspend                                 
000009f5  vTaskSuspendAll                              
00000da5  vTaskSwitchContext                           
0000c735  wcslen                                       
2000c628  xButtonPressed                               
0000be45  xPortGetFreeHeapSize                         
0000baa5  xPortPendSVHandler                           
0000a001  xPortStartScheduler                          
0000a127  xPortSysTickHandler                          
2000c62c  xQueueADC                                    
2000c630  xQueueCommands                               
000040b3  xQueueCreateCountingSemaphore                
00003fdb  xQueueCreateMutex                            
00003f07  xQueueGenericCreate                          
00004493  xQueueGenericReceive                         
00003e55  xQueueGenericReset                           
00004111  xQueueGenericSend                            
0000429d  xQueueGenericSendFromISR                     
000043a5  xQueueGiveFromISR                            
00004007  xQueueGiveMutexRecursive                     
00004a67  xQueueIsQueueEmptyFromISR                    
00004abd  xQueueIsQueueFullFromISR                     
0000471d  xQueuePeekFromISR                            
00004647  xQueueReceiveFromISR                         
00004057  xQueueTakeMutexRecursive                     
00001051  xTaskCheckForTimeOut                         
00000145  xTaskCreate                                  
00001705  xTaskGenericNotify                           
0000181d  xTaskGenericNotifyFromISR                    
000013dd  xTaskGetCurrentTaskHandle                    
00000b11  xTaskGetTickCount                            
00000b21  xTaskGetTickCountFromISR                     
00000c71  xTaskIncrementTick                           
00001a45  xTaskNotifyStateClear                        
00001659  xTaskNotifyWait                              
000014d1  xTaskPriorityDisinherit                      
00000ecd  xTaskRemoveFromEventList                     
00000f69  xTaskRemoveFromUnorderedEventList            
00000a09  xTaskResumeAll                               
2000c634  xTicks                                       


GLOBAL SYMBOLS: SORTED BY Symbol Address 

address   name                                         
-------   ----                                         
00000000  __TI_static_base__                           
00000000  interruptVectors                             
00000145  xTaskCreate                                  
00000200  __STACK_SIZE                                 
00000359  vTaskDelete                                  
00000423  vTaskDelayUntil                              
00000505  vTaskDelay                                   
0000056d  eTaskGetState                                
00000609  uxTaskPriorityGet                            
00000635  uxTaskPriorityGetFromISR                     
0000067d  vTaskPrioritySet                             
000007b1  vTaskSuspend                                 
000008db  vTaskResume                                  
0000096d  vTaskStartScheduler                          
000009d5  vTaskEndScheduler                            
000009f5  vTaskSuspendAll                              
00000a09  xTaskResumeAll                               
00000b11  xTaskGetTickCount                            
00000b21  xTaskGetTickCountFromISR                     
00000b35  uxTaskGetNumberOfTasks                       
00000b41  pcTaskGetName                                
00000b85  uxTaskGetSystemState                         
00000c71  xTaskIncrementTick                           
00000da5  vTaskSwitchContext                           
00000e2b  vTaskPlaceOnEventList                        
00000e65  vTaskPlaceOnUnorderedEventList               
00000ecd  xTaskRemoveFromEventList                     
00000f69  xTaskRemoveFromUnorderedEventList            
0000101d  vTaskSetTimeOutState                         
00001051  xTaskCheckForTimeOut                         
000010f3  vTaskMissedYield                             
000010fb  uxTaskGetTaskNumber                          
0000111b  vTaskSetTaskNumber                           
0000120d  vTaskGetInfo                                 
000013dd  xTaskGetCurrentTaskHandle                    
00001411  vTaskPriorityInherit                         
000014d1  xTaskPriorityDisinherit                      
000015a3  uxTaskResetEventItemValue                    
000015c5  pvTaskIncrementMutexHeldCount                
000015dd  ulTaskNotifyTake                             
00001659  xTaskNotifyWait                              
00001705  xTaskGenericNotify                           
0000181d  xTaskGenericNotifyFromISR                    
0000195b  vTaskNotifyGiveFromISR                       
00001a45  xTaskNotifyStateClear                        
00001ceb  FlashCtl_getMemoryInfo                       
00002069  FlashCtl_enableReadBuffering                 
000020bd  FlashCtl_disableReadBuffering                
0000211d  FlashCtl_unprotectSector                     
0000218d  FlashCtl_protectSector                       
000021ed  FlashCtl_isSectorProtected                   
00002279  FlashCtl_verifyMemory                        
000024e1  FlashCtl_setReadMode                         
0000254d  FlashCtl_getReadMode                         
00002577  FlashCtl_initiateMassErase                   
0000259d  FlashCtl_performMassErase                    
000026e9  FlashCtl_eraseSector                         
0000280d  FlashCtl_initiateSectorErase                 
000028a5  FlashCtl_programMemory                       
00002a11  FlashCtl_setProgramVerification              
00002a4b  FlashCtl_clearProgramVerification            
00002a85  FlashCtl_enableWordProgramming               
00002ab5  FlashCtl_disableWordProgramming              
00002abd  FlashCtl_isWordProgrammingEnabled            
00002add  FlashCtl_setWaitState                        
00002b1b  FlashCtl_getWaitState                        
00002b49  FlashCtl_enableInterrupt                     
00002b5d  FlashCtl_disableInterrupt                    
00002b71  FlashCtl_getInterruptStatus                  
00002b77  FlashCtl_getEnabledInterruptStatus           
00002b87  FlashCtl_clearInterruptFlag                  
00002b9b  FlashCtl_registerInterrupt                   
00002baf  FlashCtl_unregisterInterrupt                 
00002bbf  __FlashCtl_remaskData8Post                   
00002c3f  __FlashCtl_remaskData8Pre                    
00002cdd  __FlashCtl_remaskData32Post                  
00002dc1  __FlashCtl_remaskData32Pre                   
00002e99  __FlashCtl_remaskBurstDataPre                
00002fb3  __FlashCtl_remaskBurstDataPost               
0000333d  CS_setExternalClockSourceFrequency           
00003379  CS_initClockSignal                           
0000347d  CS_startHFXT                                 
000034a1  CS_startHFXTWithTimeout                      
00003565  CS_startLFXT                                 
00003589  CS_startLFXTWithTimeout                      
00003659  CS_enableClockRequest                        
00003681  CS_disableClockRequest                       
000036a3  CS_setReferenceOscillatorFrequency           
000036c9  CS_enableDCOExternalResistor                 
000036f1  CS_setDCOExternalResistorCalibration         
00003767  CS_disableDCOExternalResistor                
00003785  CS_setDCOCenteredFrequency                   
000037bd  CS_tuneDCOFrequency                          
00003861  CS_getDCOFrequency                           
00003a01  CS_setDCOFrequency                           
00003bd9  CS_getBCLK                                   
00003bf5  CS_getHSMCLK                                 
00003c19  CS_getACLK                                   
00003c3d  CS_getSMCLK                                  
00003c5f  CS_getMCLK                                   
00003c81  CS_enableFaultCounter                        
00003cad  CS_disableFaultCounter                       
00003cd9  CS_resetFaultCounter                         
00003d25  CS_startFaultCounter                         
00003d75  CS_enableInterrupt                           
00003d97  CS_disableInterrupt                          
00003db9  CS_getInterruptStatus                        
00003dbf  CS_getEnabledInterruptStatus                 
00003dd9  CS_clearInterruptFlag                        
00003dfb  CS_registerInterrupt                         
00003e0f  CS_unregisterInterrupt                       
00003e55  xQueueGenericReset                           
00003f07  xQueueGenericCreate                          
00003fdb  xQueueCreateMutex                            
00004007  xQueueGiveMutexRecursive                     
00004057  xQueueTakeMutexRecursive                     
000040b3  xQueueCreateCountingSemaphore                
00004111  xQueueGenericSend                            
0000429d  xQueueGenericSendFromISR                     
000043a5  xQueueGiveFromISR                            
00004493  xQueueGenericReceive                         
00004647  xQueueReceiveFromISR                         
0000471d  xQueuePeekFromISR                            
000047cd  uxQueueMessagesWaiting                       
000047f7  uxQueueSpacesAvailable                       
0000482b  uxQueueMessagesWaitingFromISR                
00004851  vQueueDelete                                 
00004875  uxQueueGetQueueNumber                        
00004883  vQueueSetQueueNumber                         
00004895  ucQueueGetQueueType                          
00004a67  xQueueIsQueueEmptyFromISR                    
00004abd  xQueueIsQueueFullFromISR                     
00004af3  _nop                                         
00004af5  __TI_printfi                                 
00005543  __aeabi_idiv0                                
00005543  __aeabi_ldiv0                                
000056ad  ADC14_enableModule                           
000056b5  ADC14_disableModule                          
000056cb  ADC14_enableSampleTimer                      
000056f5  ADC14_disableSampleTimer                     
0000570b  ADC14_initModule                             
00005751  ADC14_setResolution                          
0000576b  ADC14_getResolution                          
00005775  ADC14_setSampleHoldTrigger                   
000057b7  ADC14_setSampleHoldTime                      
000057e1  ADC14_configureMultiSequenceMode             
00005877  ADC14_configureSingleSampleMode              
000058cd  ADC14_enableConversion                       
000058ed  ADC14_toggleConversionTrigger                
0000590f  ADC14_disableConversion                      
0000591b  ADC14_isBusy                                 
00005939  ADC14_configureConversionMemory              
000059e1  ADC14_enableComparatorWindow                 
00005a71  ADC14_disableComparatorWindow                
00005acf  ADC14_setComparatorWindowValue               
00005b55  ADC14_setResultFormat                        
00005b7f  ADC14_getResult                              
00005b99  ADC14_getMultiSequenceResult                 
00005c05  ADC14_getResultArray                         
00005c79  ADC14_enableReferenceBurst                   
00005c8f  ADC14_disableReferenceBurst                  
00005ca5  ADC14_setPowerMode                           
00005ce7  ADC14_enableInterrupt                        
00005d0f  ADC14_disableInterrupt                       
00005d37  ADC14_getInterruptStatus                     
00005d5b  ADC14_getEnabledInterruptStatus              
00005d91  ADC14_clearInterruptFlag                     
00005dbd  ADC14_registerInterrupt                      
00005dd1  ADC14_unregisterInterrupt                    
00005e49  SPI_initMaster                               
00005f0f  SPI_selectFourPinFunctionality               
00005f35  SPI_changeMasterClock                        
00005f5d  SPI_initSlave                                
00005fdb  SPI_changeClockPhasePolarity                 
0000600b  SPI_transmitData                             
00006031  SPI_receiveData                              
0000604d  SPI_enableModule                             
00006069  SPI_disableModule                            
00006085  SPI_getReceiveBufferAddressForDMA            
000060a1  SPI_getTransmitBufferAddressForDMA           
000060cd  SPI_isBusy                                   
000060e9  SPI_enableInterrupt                          
0000610f  SPI_disableInterrupt                         
00006135  SPI_getInterruptStatus                       
0000615d  SPI_getEnabledInterruptStatus                
0000618d  SPI_clearInterruptFlag                       
000061b3  SPI_registerInterrupt                        
00006271  SPI_unregisterInterrupt                      
0000631d  EUSCI_B_SPI_select4PinFunctionality          
0000633d  EUSCI_B_SPI_masterChangeClock                
0000636f  EUSCI_B_SPI_slaveInit                        
000063b9  EUSCI_B_SPI_changeClockPhasePolarity         
000063fb  EUSCI_B_SPI_transmitData                     
00006411  EUSCI_B_SPI_receiveData                      
00006421  EUSCI_B_SPI_enableInterrupt                  
0000643b  EUSCI_B_SPI_disableInterrupt                 
00006455  EUSCI_B_SPI_getInterruptStatus               
0000646d  EUSCI_B_SPI_clearInterruptFlag               
00006487  EUSCI_B_SPI_enable                           
0000649d  EUSCI_B_SPI_disable                          
000064b3  EUSCI_B_SPI_getReceiveBufferAddressForDMA    
000064c1  EUSCI_B_SPI_getTransmitBufferAddressForDMA   
000064cf  EUSCI_B_SPI_isBusy                           
000064e7  EUSCI_A_SPI_select4PinFunctionality          
00006507  EUSCI_A_SPI_masterChangeClock                
0000653d  EUSCI_A_SPI_slaveInit                        
00006587  EUSCI_A_SPI_changeClockPhasePolarity         
000065c9  EUSCI_A_SPI_transmitData                     
000065df  EUSCI_A_SPI_receiveData                      
000065ef  EUSCI_A_SPI_enableInterrupt                  
00006609  EUSCI_A_SPI_disableInterrupt                 
00006623  EUSCI_A_SPI_getInterruptStatus               
0000663b  EUSCI_A_SPI_clearInterruptFlag               
00006655  EUSCI_A_SPI_enable                           
0000666b  EUSCI_A_SPI_disable                          
00006681  EUSCI_A_SPI_getReceiveBufferAddressForDMA    
0000668f  EUSCI_A_SPI_getTransmitBufferAddressForDMA   
0000669d  EUSCI_A_SPI_isBusy                           
000067b3  PCM_setCoreVoltageLevel                      
000067c3  PCM_setCoreVoltageLevelWithTimeout           
000067d5  PCM_setCoreVoltageLevelNonBlocking           
000067e5  PCM_getPowerMode                             
0000683f  PCM_getCoreVoltageLevel                      
000069e5  PCM_setPowerMode                             
000069f5  PCM_setPowerModeNonBlocking                  
00006a05  PCM_setPowerModeWithTimeout                  
00006cb7  PCM_setPowerState                            
00006cc7  PCM_setPowerStateWithTimeout                 
00006cd9  PCM_setPowerStateNonBlocking                 
00006ce9  PCM_shutdownDevice                           
00006d2d  PCM_gotoLPM4                                 
00006d3d  PCM_gotoLPM4InterruptSafe                    
00006d59  PCM_gotoLPM0                                 
00006d77  PCM_gotoLPM0InterruptSafe                    
00006d93  PCM_gotoLPM3                                 
00006e0b  PCM_gotoLPM3InterruptSafe                    
00006e27  PCM_getPowerState                            
00006e33  PCM_enableRudeMode                           
00006e45  PCM_disableRudeMode                          
00006e59  PCM_enableInterrupt                          
00006e6d  PCM_disableInterrupt                         
00006e81  PCM_getInterruptStatus                       
00006e87  PCM_getEnabledInterruptStatus                
00006e97  PCM_clearInterruptFlag                       
00006eab  PCM_registerInterrupt                        
00006ebf  PCM_unregisterInterrupt                      
00006f13  InitializeLCD                                
0000717b  restartGame                                  
000071b5  printString                                  
00007201  getMove                                      
000072c9  getMessageWinner                             
00007315  callback                                     
00007349  buttonCallback                               
00007401  main                                         
000075d1  Crystalfontz128x128_Init                     
000076e5  Crystalfontz128x128_SetDrawFrame             
00007813  Crystalfontz128x128_SetOrientation           
00007c89  Graphics_getStringWidth                      
00007d83  Graphics_drawString                          
00008201  Graphics_getStringBaseline                   
00008211  Graphics_drawStringCentered                  
00008259  Graphics_getStringHeight                     
00008269  Graphics_getStringMaxWidth                   
00008279  RTC_C_startClock                             
00008297  RTC_C_holdClock                              
000082b5  RTC_C_setCalibrationFrequency                
000082e5  RTC_C_setCalibrationData                     
00008311  RTC_C_setTemperatureCompensation             
0000833b  RTC_C_initCalendar                           
000083ad  RTC_C_getCalendarTime                        
00008413  RTC_C_setCalendarAlarm                       
0000844b  RTC_C_setCalendarEvent                       
0000847b  RTC_C_definePrescaleEvent                    
000084a3  RTC_C_getPrescaleValue                       
000084cf  RTC_C_setPrescaleValue                       
0000851f  RTC_C_convertBCDToBinary                     
00008537  RTC_C_convertBinaryToBCD                     
0000854f  RTC_C_enableInterrupt                        
000085a5  RTC_C_disableInterrupt                       
0000860d  RTC_C_getInterruptStatus                     
00008675  RTC_C_getEnabledInterruptStatus              
000086d5  RTC_C_clearInterruptFlag                     
0000871b  RTC_C_registerInterrupt                      
00008739  RTC_C_unregisterInterrupt                    
00008781  Graphics_drawLineH                           
0000881d  Graphics_drawLineV                           
00008a9d  Graphics_drawLine                            
00008c11  GPIO_setAsOutputPin                          
00008c4b  GPIO_setAsInputPin                           
00008c91  GPIO_setAsPeripheralModuleFunctionOutputPin  
00008d15  GPIO_setAsPeripheralModuleFunctionInputPin   
00008d99  GPIO_setOutputHighOnPin                      
00008dbb  GPIO_setOutputLowOnPin                       
00008ddd  GPIO_toggleOutputOnPin                       
00008dff  GPIO_setAsInputPinWithPullDownResistor       
00008e51  GPIO_setAsInputPinWithPullUpResistor         
00008ea3  GPIO_getInputPinValue                        
00008ed1  GPIO_enableInterrupt                         
00008ef3  GPIO_disableInterrupt                        
00008f15  GPIO_getInterruptStatus                      
00008f33  GPIO_clearInterruptFlag                      
00008f55  GPIO_interruptEdgeSelect                     
00008f8b  GPIO_getEnabledInterruptStatus               
00009007  GPIO_setDriveStrengthHigh                    
00009029  GPIO_setDriveStrengthLow                     
0000904b  GPIO_registerInterrupt                       
0000906b  GPIO_unregisterInterrupt                     
00009091  UART_initModule                              
00009179  UART_transmitData                            
000091a3  UART_receiveData                             
000091c9  UART_enableModule                            
000091df  UART_disableModule                           
000091f5  UART_queryStatusFlags                        
00009209  UART_setDormant                              
0000921d  UART_resetDormant                            
00009231  UART_transmitAddress                         
0000924f  UART_transmitBreak                           
00009295  UART_getReceiveBufferAddressForDMA           
000092a3  UART_getTransmitBufferAddressForDMA          
000092b1  UART_selectDeglitchTime                      
000092cd  UART_enableInterrupt                         
000092fd  UART_disableInterrupt                        
0000932d  UART_getInterruptStatus                      
00009349  UART_getEnabledInterruptStatus               
000093a5  UART_clearInterruptFlag                      
000093c5  UART_registerInterrupt                       
00009441  UART_unregisterInterrupt                     
000094af  Interrupt_enableMaster                       
000094bf  Interrupt_disableMaster                      
000094cf  Interrupt_registerInterrupt                  
00009521  Interrupt_unregisterInterrupt                
00009535  Interrupt_setPriorityGrouping                
0000954f  Interrupt_getPriorityGrouping                
00009587  Interrupt_setPriority                        
000095d7  Interrupt_getPriority                        
000095fd  Interrupt_enableInterrupt                    
0000966f  Interrupt_disableInterrupt                   
000096e1  Interrupt_isEnabled                          
0000976d  Interrupt_pendInterrupt                      
000097dd  Interrupt_unpendInterrupt                    
0000982b  Interrupt_setPriorityMask                    
0000983b  Interrupt_getPriorityMask                    
00009845  Interrupt_setVectorTableAddress              
00009855  Interrupt_getVectorTableAddress              
0000985b  Interrupt_enableSleepOnIsrExit               
0000986d  Interrupt_disableSleepOnIsrExit              
0000989d  board_init                                   
000098b1  board_lock                                   
000098bb  board_buttons_set_callback                   
000098e1  board_buttons_clear_callback                 
00009905  led_on                                       
0000992d  led_off                                      
00009955  led_toggle                                   
0000997d  debug_on                                     
000099a5  debug_off                                    
000099cd  debug_toggle                                 
00009be3  PORT1_Handler                                
00009c4d  SystemCoreClockUpdate                        
00009ec1  SystemInit                                   
00009f75  pxPortInitialiseStack                        
0000a001  xPortStartScheduler                          
0000a095  vPortEndScheduler                            
0000a0b9  vPortEnterCritical                           
0000a0fb  vPortExitCritical                            
0000a127  xPortSysTickHandler                          
0000a14d  vPortSetupTimerInterrupt                     
0000a167  vPortValidateInterruptPriority               
0000a46d  Graphics_initContext                         
0000a4b7  Graphics_setClipRegion                       
0000a581  Graphics_setBackgroundColor                  
0000a59b  Graphics_setBackgroundColorTranslated        
0000a5b1  Graphics_setFont                             
0000a5cb  Graphics_getFontBaseline                     
0000a5d9  Graphics_setForegroundColor                  
0000a5ef  Graphics_setForegroundColorTranslated        
0000a601  Graphics_getFontHeight                       
0000a60f  Graphics_getFontMaxWidth                     
0000a61d  Graphics_getDisplayWidth                     
0000a62d  Graphics_getDisplayHeight                    
0000a63d  Graphics_getHeightOfDisplay                  
0000a64b  Graphics_flushBuffer                         
0000a659  Graphics_clearDisplay                        
0000a66b  Graphics_drawPixel                           
0000a6c5  Graphics_getWidthOfDisplay                   
0000a6d5  SysCtl_getTLVInfo                            
0000a74b  SysCtl_getSRAMSize                           
0000a751  SysCtl_getFlashSize                          
0000a757  SysCtl_disableNMISource                      
0000a76b  SysCtl_enableNMISource                       
0000a77f  SysCtl_getNMISourceStatus                    
0000a785  SysCtl_enableSRAMBank                        
0000a7a1  SysCtl_disableSRAMBank                       
0000a809  SysCtl_enableSRAMBankRetention               
0000a825  SysCtl_disableSRAMBankRetention              
0000a841  SysCtl_rebootDevice                          
0000a84b  SysCtl_enablePeripheralAtCPUHalt             
0000a85f  SysCtl_disablePeripheralAtCPUHalt            
0000a873  SysCtl_setWDTTimeoutResetType                
0000a897  SysCtl_setWDTPasswordViolationResetType      
0000a8bb  SysCtl_enableGlitchFilter                    
0000a8c7  SysCtl_disableGlitchFilter                   
0000a8d3  SysCtl_getTempCalibrationConstant            
0000aae9  __aeabi_dsub                                 
0000aaf3  __aeabi_dadd                                 
0000aca1  edu_boosterpack_buttons_init                 
0000ad89  edu_boosterpack_buttons_set_callback         
0000ada7  edu_boosterpack_buttons_clear_callback       
0000adc3  PORT3_Handler                                
0000ade9  PORT5_IRQHandler                             
0000ae2d  uart_init                                    
0000ae83  uart_put_char                                
0000aeb1  uart_get_char                                
0000aecf  uart_print                                   
0000af11  EUSCIA0_IRQHandler                           
0000b0ed  __aeabi_ddiv                                 
0000b223  Graphics_drawPixelOnDisplay                  
0000b24d  Graphics_drawMultiplePixelsOnDisplay         
0000b291  Graphics_drawHorizontalLineOnDisplay         
0000b2c5  Graphics_drawVerticalLineOnDisplay           
0000b2f9  Graphics_fillRectangleOnDisplay              
0000b317  Graphics_translateColorOnDisplay             
0000b32d  Graphics_flushOnDisplay                      
0000b33f  Graphics_clearDisplayOnDisplay               
0000b357  vListInitialise                              
0000b387  vListInitialiseItem                          
0000b397  vListInsertEnd                               
0000b3d3  vListInsert                                  
0000b439  uxListRemove                                 
0000b5a5  ldexp                                        
0000b5a5  ldexpl                                       
0000b5a5  scalbn                                       
0000b5a5  scalbnl                                      
0000b6b5  __aeabi_dmul                                 
0000b7b1  circ_buffer_init                             
0000b7db  circ_buffer_push                             
0000b80d  circ_buffer_pop                              
0000b845  circ_buffer_is_empty                         
0000b865  circ_buffer_is_full                          
0000b8ad  edu_boosterpack_joystick_init                
0000b929  edu_boosterpack_joystick_read                
0000b935  edu_boosterpack_joystick_disable             
0000b94f  edu_boosterpack_joystick_set_callback        
0000b95f  edu_boosterpack_joystick_clear_callback      
0000b967  ADC_Handler                                  
0000b9a5  WDT_A_holdTimer                              
0000b9c5  WDT_A_startTimer                             
0000b9e5  WDT_A_clearTimer                             
0000ba05  WDT_A_initWatchdogTimer                      
0000ba21  WDT_A_initIntervalTimer                      
0000ba3d  WDT_A_setPasswordViolationReset              
0000ba49  WDT_A_setTimeoutReset                        
0000ba55  WDT_A_registerInterrupt                      
0000ba69  WDT_A_unregisterInterrupt                    
0000ba8d  ulPortGetIPSR                                
0000baa5  xPortPendSVHandler                           
0000bb05  vPortSVCHandler                              
0000bb25  vPortStartFirstTask                          
0000bb41  vPortEnableVFP                               
0000bb51  REF_A_setReferenceVoltage                    
0000bb6b  REF_A_disableTempSensor                      
0000bb73  REF_A_enableTempSensor                       
0000bb7b  REF_A_enableReferenceVoltageOutput           
0000bb83  REF_A_disableReferenceVoltageOutput          
0000bb8b  REF_A_enableReferenceVoltage                 
0000bb93  REF_A_disableReferenceVoltage                
0000bb9b  REF_A_getBandgapMode                         
0000bba5  REF_A_isBandgapActive                        
0000bbb1  REF_A_isRefGenBusy                           
0000bbbd  REF_A_isRefGenActive                         
0000bbc9  REF_A_getBufferedBandgapVoltageStatus        
0000bbd5  REF_A_getVariableReferenceVoltageStatus      
0000bbe1  REF_A_setReferenceVoltageOneTimeTrigger      
0000bbe9  REF_A_setBufferedBandgapVoltageOneTimeTrigger
0000bc1d  HAL_LCD_PortInit                             
0000bc4d  HAL_LCD_SpiInit                              
0000bc83  HAL_LCD_writeCommand                         
0000bcb9  HAL_LCD_writeData                            
0000bce9  FPU_enableModule                             
0000bcfb  FPU_disableModule                            
0000bd09  FPU_enableStacking                           
0000bd1b  FPU_enableLazyStacking                       
0000bd27  FPU_disableStacking                          
0000bd33  FPU_setHalfPrecisionMode                     
0000bd4d  FPU_setNaNMode                               
0000bd67  FPU_setFlushToZeroMode                       
0000bd81  FPU_setRoundingMode                          
0000bda9  pvPortMalloc                                 
0000be19  vPortFree                                    
0000be3d  vPortInitialiseBlocks                        
0000be45  xPortGetFreeHeapSize                         
0000bf0f  __aeabi_memcpy                               
0000bf0f  __aeabi_memcpy4                              
0000bf0f  __aeabi_memcpy8                              
0000bf0f  memcpy                                       
0000bfab  __aeabi_uldivmod                             
0000c041  __aeabi_cdcmpeq                              
0000c041  __aeabi_cdcmple                              
0000c0c7  __aeabi_cdrcmple                             
0000c14d  __aeabi_memclr                               
0000c14d  __aeabi_memclr4                              
0000c14d  __aeabi_memclr8                              
0000c14f  __aeabi_memset                               
0000c14f  __aeabi_memset4                              
0000c14f  __aeabi_memset8                              
0000c155  memset                                       
0000c235  __TI_decompress_lzss                         
0000c29d  frexp                                        
0000c29d  frexpl                                       
0000c357  __TI_ltoa                                    
0000c3fd  atoi                                         
0000c449  __aeabi_d2iz                                 
0000c491  __TI_auto_init_nobinit_nopinit               
0000c4d5  sprintf                                      
0000c553  CPU_cpsid                                    
0000c55f  CPU_primask                                  
0000c569  CPU_cpsie                                    
0000c575  CPU_wfi                                      
0000c579  CPU_basepriSet                               
0000c587  CPU_basepriGet                               
0000c591  strncpy                                      
0000c5c9  _c_int00_noargs                              
0000c5fd  rand                                         
0000c631  __aeabi_i2d                                  
0000c661  srand                                        
0000c685  interrupts_restore                           
0000c695  interrupts_disable                           
0000c6a7  memccpy                                      
0000c6c3  copysign                                     
0000c6c3  copysignl                                    
0000c70b  strchr                                       
0000c721  strlen                                       
0000c735  wcslen                                       
0000c747  __TI_decompress_none                         
0000c755  __TI_zero_init                               
0000c76d  __aeabi_errno_addr                           
0000c775  _system_pre_init                             
0000c779  C$$EXIT                                      
0000c779  abort                                        
0000ca74  _ctypes_                                     
0000cb78  g_sFontFixed6x8                              
0000cd10  g_sCrystalfontz128x128                       
0000cde0  ulMaxSyscallInterruptPriority                
0000ce9c  __TI_Handler_Table_Base                      
0000cea8  __TI_Handler_Table_Limit                     
0000ceb8  __TI_CINIT_Base                              
0000ced0  __TI_CINIT_Limit                             
20000000  __start___llvm_prf_cnts                      
20000000  __stop___llvm_prf_cnts                       
20000000  g_pfnRAMVectors                              
2000c618  results_buffer                               
2000c624  adc_callback_func                            
2000c628  xButtonPressed                               
2000c62c  xQueueADC                                    
2000c630  xQueueCommands                               
2000c634  xTicks                                       
2000c638  Lcd_ScreenHeigth                             
2000c63a  Lcd_ScreenWidth                              
2000c63c  Lcd_TouchTrim                                
2000c63e  Lcd_FlagRead                                 
2000c63f  Lcd_FontSolid                                
2000c640  Lcd_Orientation                              
2000c641  Lcd_PenSolid                                 
2000c644  LCDL1                                        
2000c694  LCDL2                                        
2000c6e4  LCDL3                                        
2000c734  LCDL4                                        
2000c784  LCDL5                                        
2000c814  pxCurrentTCB                                 
2000c8d4  _lock                                        
2000c8d8  _unlock                                      
2000c8e4  my_play                                      
2000c8e5  machine_play                                 
2000c8e6  firstInitialization                          
2000c8e7  ignoreNextReading                            
2000c8e8  useLotId                                     
2000c8ec  errno                                        
2000c8f4  SystemCoreClock                              
2000fe00  __stack                                      
20010000  __STACK_END                                  
4000480c  WDTCTL_SYM                                   
ffffffff  __TI_pprof_out_hndl                          
ffffffff  __TI_prof_data_size                          
ffffffff  __TI_prof_data_start                         
ffffffff  __binit__                                    
ffffffff  __c_args__                                   
ffffffff  binit                                        
UNDEFED   __mpu_init                                   
UNDEFED   _system_post_cinit                           

[588 symbols]
